
**********************************************************************
*                                                                    *
*                        M   A   P   L   E                           *
*                                                                    *
*      MAchine-learning Potential for Landscape Exploration          *
*                                                                    *
*                                                                    *
*      © 2025 University of Pittsburgh. All rights reserved.         *
*      Licensed under CC BY 4.0 for academic use.                    *
*                                                                    *
*      Principal Developer:  Xujian Wang                             *
*                                                                    *
**********************************************************************


Parsing # commands...
Global parameter: model = ANI-2x
Global parameter: d4 = True
No task specified. Defaulting to 'sp'.
Parsed configuration:
----------------------------------------
Task: sp
model          : ani2x
d4             : True

                             Coordinates                              
**********************************************************************

Group 1 (inline)
--------------------
1    C             -0.867500            -1.121200             0.145100
2    C              1.206300             0.088800             0.037500
3    C             -0.801200             1.803900             0.777700
4    C              1.927000            -0.523800             1.229900
5    C              2.173500             0.519400            -1.052000
6    N              0.243600            -0.900600            -0.557000
7    N             -2.008000            -1.593700            -0.419100
8    O             -1.607300             1.474300            -0.275700
9    H             -1.969800             0.587500            -0.141100
10   H              0.029000            -0.637000            -1.528700
11   H             -0.897800            -0.802100             1.184200
12   H              0.598500             0.980900             0.393000
13   H             -2.667500            -1.972100             0.264700
14   H             -1.882900            -2.254500            -1.192700
15   H             -0.428800             2.821000             0.714500
16   H             -1.018100             1.439200             1.783200
17   H              2.604600             0.208900             1.680900
18   H              1.650300             1.008400            -1.881800
19   H              2.509600            -1.398200             0.921700
20   H              1.210100            -0.836300             1.993700
21   H              2.911100             1.226100            -0.658700
22   H              2.705000            -0.355400            -1.440800

Energy: -383.51987755832283


Program started: 2026-01-13 14:51:24

======================================================================
                      TIMING SUMMARY
======================================================================
Input Reading (×3)..................................   0.002 s  (   0.4 %)
  Settings Parsing (×3)...............................   0.000 s  (  18.5 %)
  Coordinate Section Parsing (×3).....................   0.001 s  (  29.1 %)
  Post-Processing Expansion (×3)......................   0.000 s  (   0.4 %)
MLP Initialization (×3).............................   0.299 s  (  58.4 %)
Job Dispatching (×3)................................   0.601 s  ( 117.6 %)
  Single Point Energy Calculation (×3)................   0.601 s  (  99.8 %)
======================================================================
Total wall time: 0.512 s
Total CPU time: 0.961 s
======================================================================

Program ended: 2026-01-13 14:51:25
TOTAL RUN TIME: 0 days 0 hours 0 minutes 0 seconds 511 msec
