
**********************************************************************
*                                                                    *
*                        M   A   P   L   E                           *
*                                                                    *
*      MAchine-learning Potential for Landscape Exploration          *
*                                                                    *
*                                                                    *
*      © 2025 University of Pittsburgh. All rights reserved.         *
*      Licensed under CC BY 4.0 for academic use.                    *
*                                                                    *
*      Principal Developer:  Xujian Wang                             *
*                                                                    *
**********************************************************************


Parsing # commands...
Global parameter: model = ANI-2x
No task specified. Defaulting to 'sp'.
Parsed configuration:
----------------------------------------
Task: sp
model          : ani2x

                             Coordinates                              
**********************************************************************

Group 1 (inline)
--------------------
1    C             -0.867500            -1.121200             0.145100
2    C              1.206300             0.088800             0.037500
3    C             -0.801200             1.803900             0.777700
4    C              1.927000            -0.523800             1.229900
5    C              2.173500             0.519400            -1.052000
6    N              0.243600            -0.900600            -0.557000
7    N             -2.008000            -1.593700            -0.419100
8    O             -1.607300             1.474300            -0.275700
9    H             -1.969800             0.587500            -0.141100
10   H              0.029000            -0.637000            -1.528700
11   H             -0.897800            -0.802100             1.184200
12   H              0.598500             0.980900             0.393000
13   H             -2.667500            -1.972100             0.264700
14   H             -1.882900            -2.254500            -1.192700
15   H             -0.428800             2.821000             0.714500
16   H             -1.018100             1.439200             1.783200
17   H              2.604600             0.208900             1.680900
18   H              1.650300             1.008400            -1.881800
19   H              2.509600            -1.398200             0.921700
20   H              1.210100            -0.836300             1.993700
21   H              2.911100             1.226100            -0.658700
22   H              2.705000            -0.355400            -1.440800

Energy: -383.51707645946203


Program started: 2026-01-13 14:51:24

======================================================================
                      TIMING SUMMARY
======================================================================
Input Reading.......................................   0.001 s  (   0.4 %)
  Settings Parsing....................................   0.000 s  (  21.5 %)
  Coordinate Section Parsing..........................   0.000 s  (  19.4 %)
  Post-Processing Expansion...........................   0.000 s  (   0.4 %)
MLP Initialization..................................   0.114 s  (  46.4 %)
Job Dispatching.....................................   0.131 s  (  53.2 %)
  Single Point Energy Calculation.....................   0.130 s  (  99.4 %)
======================================================================
Total wall time: 0.246 s
Total CPU time: 0.431 s
======================================================================

Program ended: 2026-01-13 14:51:24
TOTAL RUN TIME: 0 days 0 hours 0 minutes 0 seconds 246 msec
