
**********************************************************************
*                                                                    *
*                        M   A   P   L   E                           *
*                                                                    *
*      MAchine-learning Potential for Landscape Exploration          *
*                                                                    *
*                                                                    *
*      © 2025 University of Pittsburgh. All rights reserved.         *
*      Licensed under CC BY 4.0 for academic use.                    *
*                                                                    *
*      Principal Developer:  Xujian Wang                             *
*                                                                    *
**********************************************************************


Parsing # commands...
Global parameter: model = ANI-1xnr
Task set to 'ts'
Global parameter: device = gpu0
Parsed configuration:
----------------------------------------
Task: ts
model          : ANI-1xnr
method         : string
maxiter        : 200
neb_images     : 7
level          : medium
refine         : stringts
device         : gpu0

                             Coordinates                              
**********************************************************************

Properties of fixed STRING end points:
               Reactant:
                         E               ....   -29.679614 Eh
                         RMS(F)          ....    0.019958 Eh/Angstrom
                         MAX(|F|)        ....    0.038337 Eh/Angstrom
               Product:
                         E               ....   -29.709697 Eh
                         RMS(F)          ....    0.016525 Eh/Angstrom
                         MAX(|F|)        ....    0.032253 Eh/Angstrom

Alignment done. RMSD: 0.898270 (Angstrom)

Starting GSM growth (two-ended, adaptive):
GrowIter   d_min(Ang)      thr   |L|  |R|   dsL    dsR   max|F_perp|_L  max|F_perp|_R
       0       0.8335   0.500     3     2  0.082  0.082       0.00247       0.00154
       1       0.8156   0.500     4     3  0.083  0.083       0.00246       0.00236
       2       0.8201   0.500     4     4  0.020  0.082       0.24714       0.00234
       3       0.8325   0.500     4     5  0.020  0.041       0.06865       0.00238
       4       0.8260   0.500     4     6  0.020  0.083       0.01941       0.00248
       5       0.8245   0.500     4     7  0.020  0.083       0.06014       0.00233
       6       1.9238   0.500     5     7  0.020  0.000       0.10551       0.00000
       7       1.7435   0.500     6     8  0.020  0.192       0.10633       0.00218
       8       1.6176   0.500     6     9  0.020  0.174       0.00156       0.00213
       9       2.3167   0.500     7     9  0.020  0.000       0.03007       0.00000
      10       2.2051   0.500     7    10  0.020  0.120       0.31161       0.00206
      11       2.1362   0.500     8    10  0.020  0.000       0.13327       0.00000
      12       2.0971   0.500     8    11  0.020  0.120       0.02148       0.00216
      13       2.8812   0.500     9    11  0.020  0.000       0.05828       0.00000
      14       2.9930   0.500     9    12  0.020  0.120       0.09370       0.00211
      15       4.3323   0.500    10    12  0.020  0.000       0.02688       0.00000
      16       4.2146   0.500    10    13  0.020  0.120       0.05318       0.00209
      17       4.5216   0.500    11    13  0.020  0.000       0.09211       0.00000
      18       4.2936   0.500    11    14  0.020  0.120       0.08863       0.00208
      19       4.8643   0.500    12    14  0.020  0.000       0.08857       0.00000
      20       4.9823   0.500    12    15  0.020  0.120       0.08563       0.00209
      21       5.4180   0.500    13    15  0.020  0.000       0.28135       0.00000
      22       5.0703   0.500    14    15  0.020  0.120       0.02496       0.00209
      23       4.9518   0.500    14    16  0.120  0.120       0.20967       0.00208
      24       5.1658   0.500    15    16  0.020  0.020       0.04405       0.00209
      25       5.0418   0.500    16    17  0.020  0.120       0.00183       0.00208
      26       4.8048   0.500    17    18  0.120  0.120       0.00183       0.00208
      27       4.5682   0.500    18    19  0.120  0.120       0.00183       0.00208
      28       4.3319   0.500    19    20  0.120  0.120       0.00183       0.00208
      29       4.0961   0.500    20    21  0.120  0.120       0.00183       0.00208
      30       3.8607   0.500    21    22  0.120  0.120       0.00183       0.00208
      31       3.6260   0.500    22    23  0.120  0.120       0.00183       0.00208
      32       3.3921   0.500    23    24  0.120  0.120       0.00183       0.00208
      33       3.1590   0.500    24    25  0.120  0.120       0.00183       0.00208
      34       2.9272   0.500    25    26  0.120  0.120       0.00183       0.00208
      35       2.6967   0.500    26    27  0.120  0.120       0.00183       0.00208
      36       2.4682   0.500    27    28  0.120  0.120       0.00183       0.00208
      37       2.2421   0.500    28    29  0.120  0.120       0.00183       0.00208
      38       2.0195   0.500    29    30  0.120  0.120       0.00183       0.00208
      39       1.8016   0.500    30    31  0.120  0.120       0.00183       0.00208
      40       1.4884   0.500    31    32  0.180  0.180       0.00183       0.00208
      41       1.2499   0.500    32    33  0.149  0.149       0.00183       0.00208
      42       1.0741   0.500    33    34  0.125  0.125       0.00183       0.00208
      43       0.9513   0.500    34    35  0.107  0.107       0.00183       0.00208
      44       0.8737   0.500    35    36  0.095  0.095       0.00183       0.00208
      45       0.8312   0.500    36    37  0.087  0.087       0.00183       0.00208
      46       0.8184   0.500    37    38  0.083  0.083       0.00183       0.00208
      47       0.8210   0.500    37    39  0.082  0.082       0.00183       0.00208
      48       0.8184   0.500    38    39  0.082  0.082       0.00183       0.00208
      49       0.8209   0.500    38    40  0.082  0.082       0.00183       0.00208
      50       0.8184   0.500    38    41  0.082  0.082       0.00183       0.00208
      51       0.8209   0.500    39    41  0.082  0.000       0.00183       0.00000
      52       0.8184   0.500    39    42  0.082  0.082       0.00183       0.00208
      53       0.8209   0.500    40    42  0.082  0.000       0.00183       0.00000
      54       0.8184   0.500    41    42  0.082  0.082       0.00183       0.00208
      55       0.8209   0.500    41    43  0.082  0.082       0.00183       0.00208
      56       0.8184   0.500    42    43  0.082  0.082       0.00183       0.00208
      57       0.8208   0.500    43    43  0.082  0.082       0.00183       0.00208
      58       0.8184   0.500    44    43  0.082  0.082       0.00183       0.00208
      59       0.8208   0.500    45    43  0.082  0.082       0.00183       0.00208
      60       0.8184   0.500    46    43  0.082  0.082       0.00183       0.00208
      61       0.8207   0.500    46    44  0.000  0.082       0.00000       0.00208
      62       0.8184   0.500    46    45  0.082  0.082       0.00183       0.00208
      63       0.8207   0.500    46    46  0.082  0.082       0.00183       0.00208
      64       0.8184   0.500    47    46  0.082  0.082       0.00183       0.00208
      65       0.8207   0.500    47    47  0.082  0.082       0.00183       0.00208
      66       0.8184   0.500    47    48  0.082  0.082       0.00183       0.00208
      67       0.8207   0.500    47    49  0.082  0.082       0.00183       0.00208
      68       0.8185   0.500    48    49  0.082  0.082       0.00183       0.00208
      69       0.8207   0.500    48    50  0.082  0.082       0.00183       0.00208
      70       0.8185   0.500    48    51  0.082  0.082       0.00183       0.00208
      71       0.8207   0.500    49    51  0.082  0.000       0.00183       0.00000
      72       0.8184   0.500    49    52  0.082  0.082       0.00183       0.00208
      73       0.8207   0.500    50    52  0.082  0.000       0.00183       0.00000
      74       0.8184   0.500    50    53  0.082  0.082       0.00183       0.00208
      75       0.8207   0.500    51    53  0.082  0.000       0.00183       0.00000
      76       0.8184   0.500    51    54  0.082  0.082       0.00183       0.00208
      77       0.8207   0.500    52    54  0.082  0.000       0.00183       0.00000
      78       0.8185   0.500    53    54  0.082  0.082       0.00183       0.00208
      79       0.8206   0.500    54    54  0.082  0.082       0.00183       0.00208
      80       0.8185   0.500    54    55  0.082  0.082       0.00183       0.00208
      81       0.8206   0.500    55    55  0.082  0.082       0.00183       0.00208
      82       0.8185   0.500    56    55  0.082  0.082       0.00183       0.00208
      83       0.8206   0.500    56    56  0.082  0.082       0.00183       0.00208
      84       0.8185   0.500    57    56  0.082  0.082       0.00183       0.00208
      85       0.8206   0.500    58    56  0.082  0.082       0.00183       0.00208
      86       0.8185   0.500    59    56  0.082  0.082       0.00183       0.00208
      87       0.8205   0.500    59    57  0.000  0.082       0.00000       0.00208
      88       0.8185   0.500    60    57  0.082  0.082       0.00183       0.00208
      89       0.8205   0.500    60    58  0.000  0.082       0.00000       0.00208
      90       0.8185   0.500    61    58  0.082  0.082       0.00183       0.00208
      91       0.8205   0.500    61    59  0.000  0.082       0.00000       0.00208
      92       0.8185   0.500    62    59  0.082  0.082       0.00183       0.00208
      93       0.8205   0.500    62    60  0.000  0.082       0.00000       0.00208
      94       0.8185   0.500    63    60  0.082  0.082       0.00183       0.00208
      95       0.8205   0.500    63    61  0.000  0.082       0.00000       0.00208
      96       0.8185   0.500    63    62  0.082  0.082       0.00183       0.00208
      97       0.8205   0.500    64    62  0.082  0.082       0.00183       0.00208
      98       0.8185   0.500    64    63  0.082  0.082       0.00183       0.00208
      99       0.8205   0.500    64    64  0.082  0.082       0.00183       0.00208

GSM growth reached maximum iterations; proceeding to merge.

Wrote GSM grow-final path to: /home/user/software/MaLePSO/example/ts/string/inp1_gsm_grow_final.xyz
Wrote GSM MEP (equal-arc) to: /home/user/software/MaLePSO/example/ts/string/inp1_gsm_mep.xyz
Wrote HEI to:                 /home/user/software/MaLePSO/example/ts/string/inp1_gsm_hei.xyz

Starting Transition State Search (TS) with RS-PRFO...

----------------------------------------------------------------------
                             Iteration: 1                             


                             Coordinates                              
----------------------------------------------------------------------
0    C                0.7962               0.7174              -0.0963
1    H                0.6907               1.3120              -0.9966
2    O                0.3793               1.2428               0.9873
3    C                1.3804              -0.5625              -0.1793
4    H                1.0136              -0.3373               1.4958
5    H                1.2546              -1.0504              -1.1119
6    H                2.1159              -0.9488               0.3152


Energy:                  -29.562535 Convergence criteria  Is converged 
Maximum Force:             0.173874     0.000450                No
RMS Force:                 0.063673     0.000300                No
Maximum Displacement:      0.157974     0.001800                No
RMS Displacement:          0.042700     0.001200                No

Model change: -5.103465e-02  Actual change: -5.198715e-02  rho:  1.019
Trust radius (MW):  0.200000  Step norm (MW):  0.200000  On boundary: True

----------------------------------------------------------------------
                             Iteration: 2                             


                             Coordinates                              
----------------------------------------------------------------------
0    C                0.7944               0.7293              -0.0997
1    H                0.6799               1.3252              -1.0225
2    O                0.3812               1.2423               0.9870
3    C                1.3804              -0.5626              -0.1803
4    H                0.9942              -0.4092               1.4506
5    H                1.2891              -1.0695              -1.1386
6    H                2.1030              -1.0041               0.4691


Energy:                  -29.578839 Convergence criteria  Is converged 
Maximum Force:             0.048533     0.000450                No
RMS Force:                 0.022369     0.000300                No
Maximum Displacement:      0.153910     0.001800                No
RMS Displacement:          0.042483     0.001200                No

Model change: -1.586642e-02  Actual change: -1.630430e-02  rho:  1.028
Trust radius (MW):  0.200000  Step norm (MW):  0.200000  On boundary: True

----------------------------------------------------------------------
                             Iteration: 3                             


                             Coordinates                              
----------------------------------------------------------------------
0    C                0.7939               0.7330              -0.1015
1    H                0.6767               1.3281              -1.0285
2    O                0.3823               1.2414               0.9875
3    C                1.3776              -0.5644              -0.1815
4    H                0.9831              -0.4189               1.4749
5    H                1.3015              -1.0779              -1.1463
6    H                2.1270              -0.9967               0.4868


Energy:                  -29.579710 Convergence criteria  Is converged 
Maximum Force:             0.047556     0.000450                No
RMS Force:                 0.018325     0.000300                No
Maximum Displacement:      0.024361     0.001800                No
RMS Displacement:          0.010057     0.001200                No

Model change: -8.800800e-04  Actual change: -8.709282e-04  rho:  0.990
Trust radius (MW):  0.050000  Step norm (MW):  0.050000  On boundary: True

----------------------------------------------------------------------
                             Iteration: 4                             


                             Coordinates                              
----------------------------------------------------------------------
0    C                0.7936               0.7367              -0.1066
1    H                0.6723               1.3341              -1.0332
2    O                0.3845               1.2372               0.9898
3    C                1.3742              -0.5650              -0.1793
4    H                0.9722              -0.4011               1.4630
5    H                1.3191              -1.0832              -1.1480
6    H                2.1330              -0.9854               0.5016


Energy:                  -29.579960 Convergence criteria  Is converged 
Maximum Force:             0.046992     0.000450                No
RMS Force:                 0.016992     0.000300                No
Maximum Displacement:      0.017732     0.001800                No
RMS Displacement:          0.008335     0.001200                No

Model change: -2.504812e-04  Actual change: -2.498478e-04  rho:  0.997
Trust radius (MW):  0.050000  Step norm (MW):  0.050000  On boundary: True

----------------------------------------------------------------------
                             Iteration: 5                             


                             Coordinates                              
----------------------------------------------------------------------
0    C                0.7926               0.7404              -0.1109
1    H                0.6680               1.3393              -1.0358
2    O                0.3873               1.2339               0.9908
3    C                1.3712              -0.5659              -0.1785
4    H                0.9583              -0.4033               1.4799
5    H                1.3363              -1.0908              -1.1456
6    H                2.1374              -0.9609               0.5126


Energy:                  -29.579896 Convergence criteria  Is converged 
Maximum Force:             0.046104     0.000450                No
RMS Force:                 0.015762     0.000300                No
Maximum Displacement:      0.024496     0.001800                No
RMS Displacement:          0.008999     0.001200                No

Model change:  5.228917e-05  Actual change:  6.385148e-05  rho:  1.221
Trust radius (MW):  0.050000  Step norm (MW):  0.050000  On boundary: True

----------------------------------------------------------------------
                             Iteration: 6                             


                             Coordinates                              
----------------------------------------------------------------------
0    C                0.7924               0.7415              -0.1137
1    H                0.6660               1.3421              -1.0372
2    O                0.3888               1.2315               0.9919
3    C                1.3697              -0.5653              -0.1772
4    H                0.9521              -0.3942               1.4735
5    H                1.3429              -1.0932              -1.1431
6    H                2.1363              -0.9536               0.5184


Energy:                  -29.579920 Convergence criteria  Is converged 
Maximum Force:             0.043761     0.000450                No
RMS Force:                 0.015129     0.000300                No
Maximum Displacement:      0.009091     0.001800                No
RMS Displacement:          0.004044     0.001200                No

Model change: -2.215494e-05  Actual change: -2.419949e-05  rho:  1.092
Trust radius (MW):  0.025000  Step norm (MW):  0.025000  On boundary: True

----------------------------------------------------------------------
                             Iteration: 7                             


                             Coordinates                              
----------------------------------------------------------------------
0    C                0.7917               0.7429              -0.1165
1    H                0.6633               1.3450              -1.0385
2    O                0.3905               1.2293               0.9925
3    C                1.3683              -0.5646              -0.1764
4    H                0.9484              -0.3937               1.4768
5    H                1.3523              -1.0960              -1.1408
6    H                2.1323              -0.9442               0.5278


Energy:                  -29.579840 Convergence criteria  Is converged 
Maximum Force:             0.042121     0.000450                No
RMS Force:                 0.014516     0.000300                No
Maximum Displacement:      0.009372     0.001800                No
RMS Displacement:          0.004107     0.001200                No

Model change:  8.062807e-05  Actual change:  8.060783e-05  rho:  1.000
Trust radius (MW):  0.025000  Step norm (MW):  0.025000  On boundary: True

----------------------------------------------------------------------
                             Iteration: 8                             


                             Coordinates                              
----------------------------------------------------------------------
0    C                0.7908               0.7443              -0.1191
1    H                0.6607               1.3475              -1.0397
2    O                0.3924               1.2270               0.9928
3    C                1.3669              -0.5637              -0.1754
4    H                0.9413              -0.3936               1.4824
5    H                1.3595              -1.0986              -1.1377
6    H                2.1300              -0.9345               0.5347


Energy:                  -29.579744 Convergence criteria  Is converged 
Maximum Force:             0.040471     0.000450                No
RMS Force:                 0.013903     0.000300                No
Maximum Displacement:      0.009677     0.001800                No
RMS Displacement:          0.003994     0.001200                No

Model change:  9.613566e-05  Actual change:  9.606779e-05  rho:  0.999
Trust radius (MW):  0.025000  Step norm (MW):  0.025000  On boundary: True

----------------------------------------------------------------------
                             Iteration: 9                             


                             Coordinates                              
----------------------------------------------------------------------
0    C                0.7903               0.7451              -0.1220
1    H                0.6581               1.3496              -1.0411
2    O                0.3943               1.2244               0.9934
3    C                1.3656              -0.5620              -0.1742
4    H                0.9327              -0.3901               1.4837
5    H                1.3646              -1.1010              -1.1338
6    H                2.1274              -0.9262               0.5413


Energy:                  -29.579644 Convergence criteria  Is converged 
Maximum Force:             0.038208     0.000450                No
RMS Force:                 0.013325     0.000300                No
Maximum Displacement:      0.008620     0.001800                No
RMS Displacement:          0.003747     0.001200                No

Model change:  9.917098e-05  Actual change:  9.942800e-05  rho:  1.003
Trust radius (MW):  0.025000  Step norm (MW):  0.025000  On boundary: True

----------------------------------------------------------------------
                            Iteration: 10                             


                             Coordinates                              
----------------------------------------------------------------------
0    C                0.7896               0.7461              -0.1248
1    H                0.6551               1.3517              -1.0425
2    O                0.3964               1.2218               0.9939
3    C                1.3644              -0.5604              -0.1730
4    H                0.9240              -0.3885               1.4864
5    H                1.3695              -1.1034              -1.1299
6    H                2.1242              -0.9179               0.5484


Energy:                  -29.579543 Convergence criteria  Is converged 
Maximum Force:             0.036063     0.000450                No
RMS Force:                 0.012792     0.000300                No
Maximum Displacement:      0.008740     0.001800                No
RMS Displacement:          0.003774     0.001200                No

Model change:  1.009647e-04  Actual change:  1.009703e-04  rho:  1.000
Trust radius (MW):  0.025000  Step norm (MW):  0.025000  On boundary: True

----------------------------------------------------------------------
                            Iteration: 11                             


                             Coordinates                              
----------------------------------------------------------------------
0    C                0.7889               0.7469              -0.1277
1    H                0.6521               1.3532              -1.0441
2    O                0.3984               1.2194               0.9943
3    C                1.3634              -0.5586              -0.1718
4    H                0.9142              -0.3877               1.4902
5    H                1.3734              -1.1058              -1.1258
6    H                2.1214              -0.9099               0.5546


Energy:                  -29.579434 Convergence criteria  Is converged 
Maximum Force:             0.034013     0.000450                No
RMS Force:                 0.012312     0.000300                No
Maximum Displacement:      0.009789     0.001800                No
RMS Displacement:          0.003774     0.001200                No

Model change:  1.087273e-04  Actual change:  1.087263e-04  rho:  1.000
Trust radius (MW):  0.025000  Step norm (MW):  0.025000  On boundary: True

----------------------------------------------------------------------
                            Iteration: 12                             


                             Coordinates                              
----------------------------------------------------------------------
0    C                0.7884               0.7476              -0.1303
1    H                0.6492               1.3548              -1.0455
2    O                0.4002               1.2172               0.9952
3    C                1.3627              -0.5573              -0.1709
4    H                0.9004              -0.3831               1.4905
5    H                1.3752              -1.1094              -1.1218
6    H                2.1211              -0.9010               0.5589


Energy:                  -29.579332 Convergence criteria  Is converged 
Maximum Force:             0.031631     0.000450                No
RMS Force:                 0.011735     0.000300                No
Maximum Displacement:      0.013713     0.001800                No
RMS Displacement:          0.004218     0.001200                No

Model change:  1.025939e-04  Actual change:  1.020804e-04  rho:  0.995
Trust radius (MW):  0.025000  Step norm (MW):  0.025000  On boundary: True

----------------------------------------------------------------------
                            Iteration: 13                             


                             Coordinates                              
----------------------------------------------------------------------
0    C                0.7881               0.7483              -0.1328
1    H                0.6468               1.3566              -1.0467
2    O                0.4019               1.2150               0.9961
3    C                1.3622              -0.5562              -0.1702
4    H                0.8861              -0.3778               1.4905
5    H                1.3750              -1.1140              -1.1174
6    H                2.1220              -0.8915               0.5620


Energy:                  -29.579241 Convergence criteria  Is converged 
Maximum Force:             0.029358     0.000450                No
RMS Force:                 0.011119     0.000300                No
Maximum Displacement:      0.014387     0.001800                No
RMS Displacement:          0.004371     0.001200                No

Model change:  9.279255e-05  Actual change:  9.133667e-05  rho:  0.984
Trust radius (MW):  0.025000  Step norm (MW):  0.025000  On boundary: True

----------------------------------------------------------------------
                            Iteration: 14                             


                             Coordinates                              
----------------------------------------------------------------------
0    C                0.7880               0.7492              -0.1352
1    H                0.6452               1.3586              -1.0477
2    O                0.4031               1.2130               0.9971
3    C                1.3619              -0.5554              -0.1693
4    H                0.8717              -0.3702               1.4877
5    H                1.3726              -1.1191              -1.1127
6    H                2.1250              -0.8827               0.5629


Energy:                  -29.579185 Convergence criteria  Is converged 
Maximum Force:             0.026987     0.000450                No
RMS Force:                 0.010331     0.000300                No
Maximum Displacement:      0.014367     0.001800                No
RMS Displacement:          0.004558     0.001200                No

Model change:  6.033351e-05  Actual change:  5.568564e-05  rho:  0.923
Trust radius (MW):  0.025000  Step norm (MW):  0.025000  On boundary: True

----------------------------------------------------------------------
                            Iteration: 15                             


                             Coordinates                              
----------------------------------------------------------------------
0    C                0.7882               0.7496              -0.1368
1    H                0.6446               1.3604              -1.0485
2    O                0.4038               1.2115               0.9982
3    C                1.3617              -0.5553              -0.1684
4    H                0.8588              -0.3594               1.4778
5    H                1.3694              -1.1235              -1.1093
6    H                2.1309              -0.8756               0.5606


Energy:                  -29.579241 Convergence criteria  Is converged 
Maximum Force:             0.025220     0.000450                No
RMS Force:                 0.009411     0.000300                No
Maximum Displacement:      0.012911     0.001800                No
RMS Displacement:          0.004992     0.001200                No

Model change: -4.233794e-05  Actual change: -5.549937e-05  rho:  1.311
Trust radius (MW):  0.025000  Step norm (MW):  0.025000  On boundary: True

----------------------------------------------------------------------
                            Iteration: 16                             


                             Coordinates                              
----------------------------------------------------------------------
0    C                0.7884               0.7503              -0.1379
1    H                0.6443               1.3619              -1.0493
2    O                0.4043               1.2103               0.9991
3    C                1.3615              -0.5554              -0.1672
4    H                0.8485              -0.3489               1.4638
5    H                1.3660              -1.1271              -1.1062
6    H                2.1377              -0.8702               0.5570


Energy:                  -29.579460 Convergence criteria  Is converged 
Maximum Force:             0.025680     0.000450                No
RMS Force:                 0.008902     0.000300                No
Maximum Displacement:      0.014022     0.001800                No
RMS Displacement:          0.005097     0.001200                No

Model change: -2.078822e-04  Actual change: -2.196357e-04  rho:  1.057
Trust radius (MW):  0.025000  Step norm (MW):  0.025000  On boundary: True

----------------------------------------------------------------------
                            Iteration: 17                             


                             Coordinates                              
----------------------------------------------------------------------
0    C                0.7886               0.7510              -0.1390
1    H                0.6441               1.3632              -1.0500
2    O                0.4046               1.2092               0.9999
3    C                1.3613              -0.5556              -0.1656
4    H                0.8406              -0.3396               1.4470
5    H                1.3627              -1.1301              -1.1030
6    H                2.1442              -0.8657               0.5535


Energy:                  -29.579859 Convergence criteria  Is converged 
Maximum Force:             0.028494     0.000450                No
RMS Force:                 0.009394     0.000300                No
Maximum Displacement:      0.016742     0.001800                No
RMS Displacement:          0.005083     0.001200                No

Model change: -3.921200e-04  Actual change: -3.981590e-04  rho:  1.015
Trust radius (MW):  0.025000  Step norm (MW):  0.025000  On boundary: True

----------------------------------------------------------------------
                            Iteration: 18                             


                             Coordinates                              
----------------------------------------------------------------------
0    C                0.7888               0.7517              -0.1404
1    H                0.6440               1.3644              -1.0508
2    O                0.4050               1.2078               1.0008
3    C                1.3610              -0.5557              -0.1641
4    H                0.8336              -0.3282               1.4308
5    H                1.3597              -1.1327              -1.1000
6    H                2.1495              -0.8615               0.5508


Energy:                  -29.580353 Convergence criteria  Is converged 
Maximum Force:             0.032392     0.000450                No
RMS Force:                 0.010725     0.000300                No
Maximum Displacement:      0.016212     0.001800                No
RMS Displacement:          0.005020     0.001200                No

Model change: -4.896004e-04  Actual change: -4.943013e-04  rho:  1.010
Trust radius (MW):  0.025000  Step norm (MW):  0.025000  On boundary: True

----------------------------------------------------------------------
                            Iteration: 19                             


                             Coordinates                              
----------------------------------------------------------------------
0    C                0.7891               0.7522              -0.1420
1    H                0.6439               1.3656              -1.0514
2    O                0.4054               1.2063               1.0020
3    C                1.3607              -0.5558              -0.1630
4    H                0.8256              -0.3131               1.4183
5    H                1.3567              -1.1353              -1.0969
6    H                2.1531              -0.8571               0.5488


Energy:                  -29.580839 Convergence criteria  Is converged 
Maximum Force:             0.033697     0.000450                No
RMS Force:                 0.011754     0.000300                No
Maximum Displacement:      0.015072     0.001800                No
RMS Displacement:          0.004968     0.001200                No

Model change: -4.853182e-04  Actual change: -4.857257e-04  rho:  1.001
Trust radius (MW):  0.025000  Step norm (MW):  0.025000  On boundary: True

----------------------------------------------------------------------
                            Iteration: 20                             


                             Coordinates                              
----------------------------------------------------------------------
0    C                0.7896               0.7523              -0.1435
1    H                0.6439               1.3667              -1.0520
2    O                0.4057               1.2048               1.0032
3    C                1.3606              -0.5557              -0.1625
4    H                0.8172              -0.2944               1.4103
5    H                1.3544              -1.1377              -1.0947
6    H                2.1549              -0.8530               0.5478


Energy:                  -29.581308 Convergence criteria  Is converged 
Maximum Force:             0.031762     0.000450                No
RMS Force:                 0.012543     0.000300                No
Maximum Displacement:      0.018641     0.001800                No
RMS Displacement:          0.005021     0.001200                No

Model change: -4.958243e-04  Actual change: -4.694238e-04  rho:  0.947
Trust radius (MW):  0.025000  Step norm (MW):  0.025000  On boundary: True

----------------------------------------------------------------------
                            Iteration: 21                             


                             Coordinates                              
----------------------------------------------------------------------
0    C                0.7901               0.7522              -0.1451
1    H                0.6438               1.3677              -1.0525
2    O                0.4059               1.2034               1.0046
3    C                1.3606              -0.5556              -0.1623
4    H                0.8090              -0.2748               1.4040
5    H                1.3524              -1.1399              -1.0927
6    H                2.1555              -0.8491               0.5475


Energy:                  -29.581910 Convergence criteria  Is converged 
Maximum Force:             0.032486     0.000450                No
RMS Force:                 0.013956     0.000300                No
Maximum Displacement:      0.019692     0.001800                No
RMS Displacement:          0.005020     0.001200                No

Model change: -5.828653e-04  Actual change: -6.015748e-04  rho:  1.032
Trust radius (MW):  0.025000  Step norm (MW):  0.025000  On boundary: True

----------------------------------------------------------------------
                            Iteration: 22                             


                             Coordinates                              
----------------------------------------------------------------------
0    C                0.7906               0.7520              -0.1462
1    H                0.6437               1.3684              -1.0528
2    O                0.4062               1.2021               1.0057
3    C                1.3604              -0.5554              -0.1618
4    H                0.8032              -0.2562               1.3915
5    H                1.3507              -1.1415              -1.0907
6    H                2.1566              -0.8465               0.5472


Energy:                  -29.582923 Convergence criteria  Is converged 
Maximum Force:             0.035270     0.000450                No
RMS Force:                 0.016259     0.000300                No
Maximum Displacement:      0.018566     0.001800                No
RMS Displacement:          0.005150     0.001200                No

Model change: -1.025410e-03  Actual change: -1.013726e-03  rho:  0.989
Trust radius (MW):  0.025000  Step norm (MW):  0.025000  On boundary: True

----------------------------------------------------------------------
                            Iteration: 23                             


                             Coordinates                              
----------------------------------------------------------------------
0    C                0.7908               0.7523              -0.1470
1    H                0.6436               1.3690              -1.0530
2    O                0.4063               1.2013               1.0063
3    C                1.3599              -0.5552              -0.1600
4    H                0.8029              -0.2507               1.3694
5    H                1.3484              -1.1434              -1.0878
6    H                2.1596              -0.8436               0.5459


Energy:                  -29.584045 Convergence criteria  Is converged 
Maximum Force:             0.035718     0.000450                No
RMS Force:                 0.016566     0.000300                No
Maximum Displacement:      0.022121     0.001800                No
RMS Displacement:          0.005174     0.001200                No

Model change: -1.152138e-03  Actual change: -1.121566e-03  rho:  0.973
Trust radius (MW):  0.025000  Step norm (MW):  0.025000  On boundary: True

----------------------------------------------------------------------
                            Iteration: 24                             


                             Coordinates                              
----------------------------------------------------------------------
0    C                0.7911               0.7528              -0.1479
1    H                0.6434               1.3698              -1.0533
2    O                0.4066               1.2004               1.0069
3    C                1.3593              -0.5549              -0.1581
4    H                0.8021              -0.2473               1.3478
5    H                1.3454              -1.1458              -1.0844
6    H                2.1633              -0.8401               0.5441


Energy:                  -29.585111 Convergence criteria  Is converged 
Maximum Force:             0.035570     0.000450                No
RMS Force:                 0.016534     0.000300                No
Maximum Displacement:      0.021666     0.001800                No
RMS Displacement:          0.005085     0.001200                No

Model change: -1.069433e-03  Actual change: -1.066163e-03  rho:  0.997
Trust radius (MW):  0.025000  Step norm (MW):  0.025000  On boundary: True

----------------------------------------------------------------------
                            Iteration: 25                             


                             Coordinates                              
----------------------------------------------------------------------
0    C                0.7913               0.7535              -0.1491
1    H                0.6432               1.3706              -1.0537
2    O                0.4068               1.1994               1.0074
3    C                1.3587              -0.5546              -0.1560
4    H                0.8011              -0.2451               1.3268
5    H                1.3422              -1.1486              -1.0810
6    H                2.1676              -0.8363               0.5420


Energy:                  -29.586155 Convergence criteria  Is converged 
Maximum Force:             0.039009     0.000450                No
RMS Force:                 0.017349     0.000300                No
Maximum Displacement:      0.020998     0.001800                No
RMS Displacement:          0.004991     0.001200                No

Model change: -1.024212e-03  Actual change: -1.043960e-03  rho:  1.019
Trust radius (MW):  0.025000  Step norm (MW):  0.025000  On boundary: True

----------------------------------------------------------------------
                            Iteration: 26                             


                             Coordinates                              
----------------------------------------------------------------------
0    C                0.7916               0.7544              -0.1502
1    H                0.6429               1.3715              -1.0540
2    O                0.4071               1.1984               1.0079
3    C                1.3581              -0.5544              -0.1538
4    H                0.8008              -0.2440               1.3055
5    H                1.3390              -1.1513              -1.0779
6    H                2.1719              -0.8329               0.5399


Energy:                  -29.587254 Convergence criteria  Is converged 
Maximum Force:             0.044750     0.000450                No
RMS Force:                 0.018319     0.000300                No
Maximum Displacement:      0.021255     0.001800                No
RMS Displacement:          0.004998     0.001200                No

Model change: -1.100292e-03  Actual change: -1.099139e-03  rho:  0.999
Trust radius (MW):  0.025000  Step norm (MW):  0.025000  On boundary: True

----------------------------------------------------------------------
                            Iteration: 27                             


                             Coordinates                              
----------------------------------------------------------------------
0    C                0.7919               0.7551              -0.1518
1    H                0.6425               1.3725              -1.0544
2    O                0.4074               1.1969               1.0087
3    C                1.3576              -0.5542              -0.1520
4    H                0.7977              -0.2339               1.2878
5    H                1.3361              -1.1541              -1.0750
6    H                2.1748              -0.8293               0.5385


Energy:                  -29.588382 Convergence criteria  Is converged 
Maximum Force:             0.044241     0.000450                No
RMS Force:                 0.018879     0.000300                No
Maximum Displacement:      0.017687     0.001800                No
RMS Displacement:          0.004801     0.001200                No

Model change: -1.132474e-03  Actual change: -1.128078e-03  rho:  0.996
Trust radius (MW):  0.025000  Step norm (MW):  0.024620  On boundary: False

----------------------------------------------------------------------
                            Iteration: 28                             


                             Coordinates                              
----------------------------------------------------------------------
0    C                0.7923               0.7560              -0.1534
1    H                0.6420               1.3735              -1.0548
2    O                0.4078               1.1954               1.0095
3    C                1.3570              -0.5539              -0.1500
4    H                0.7942              -0.2258               1.2704
5    H                1.3326              -1.1571              -1.0716
6    H                2.1784              -0.8253               0.5365


Energy:                  -29.589464 Convergence criteria  Is converged 
Maximum Force:             0.042975     0.000450                No
RMS Force:                 0.018457     0.000300                No
Maximum Displacement:      0.017435     0.001800                No
RMS Displacement:          0.004680     0.001200                No

Model change: -1.083306e-03  Actual change: -1.081884e-03  rho:  0.999
Trust radius (MW):  0.025000  Step norm (MW):  0.024388  On boundary: False

----------------------------------------------------------------------
                            Iteration: 29                             


                             Coordinates                              
----------------------------------------------------------------------
0    C                0.7928               0.7567              -0.1550
1    H                0.6414               1.3747              -1.0551
2    O                0.4082               1.1937               1.0103
3    C                1.3565              -0.5534              -0.1482
4    H                0.7895              -0.2148               1.2547
5    H                1.3290              -1.1601              -1.0680
6    H                2.1813              -0.8212               0.5347


Energy:                  -29.590510 Convergence criteria  Is converged 
Maximum Force:             0.043391     0.000450                No
RMS Force:                 0.018479     0.000300                No
Maximum Displacement:      0.015735     0.001800                No
RMS Displacement:          0.004713     0.001200                No

Model change: -1.030927e-03  Actual change: -1.045942e-03  rho:  1.015
Trust radius (MW):  0.025000  Step norm (MW):  0.024639  On boundary: False

----------------------------------------------------------------------
                            Iteration: 30                             


                             Coordinates                              
----------------------------------------------------------------------
0    C                0.7934               0.7571              -0.1567
1    H                0.6407               1.3758              -1.0553
2    O                0.4086               1.1920               1.0112
3    C                1.3560              -0.5529              -0.1468
4    H                0.7841              -0.2003               1.2407
5    H                1.3258              -1.1629              -1.0647
6    H                2.1835              -0.8173               0.5336


Energy:                  -29.591560 Convergence criteria  Is converged 
Maximum Force:             0.045007     0.000450                No
RMS Force:                 0.018553     0.000300                No
Maximum Displacement:      0.014504     0.001800                No
RMS Displacement:          0.004867     0.001200                No

Model change: -1.042301e-03  Actual change: -1.050219e-03  rho:  1.008
Trust radius (MW):  0.025000  Step norm (MW):  0.025000  On boundary: True

----------------------------------------------------------------------
                            Iteration: 31                             


                             Coordinates                              
----------------------------------------------------------------------
0    C                0.7940               0.7573              -0.1582
1    H                0.6401               1.3769              -1.0554
2    O                0.4089               1.1903               1.0122
3    C                1.3556              -0.5524              -0.1456
4    H                0.7787              -0.1844               1.2273
5    H                1.3229              -1.1655              -1.0617
6    H                2.1854              -0.8139               0.5328


Energy:                  -29.592653 Convergence criteria  Is converged 
Maximum Force:             0.045604     0.000450                No
RMS Force:                 0.018587     0.000300                No
Maximum Displacement:      0.015941     0.001800                No
RMS Displacement:          0.004944     0.001200                No

Model change: -1.106584e-03  Actual change: -1.092225e-03  rho:  0.987
Trust radius (MW):  0.025000  Step norm (MW):  0.025000  On boundary: True

----------------------------------------------------------------------
                            Iteration: 32                             


                             Coordinates                              
----------------------------------------------------------------------
0    C                0.7946               0.7574              -0.1598
1    H                0.6393               1.3780              -1.0555
2    O                0.4092               1.1887               1.0131
3    C                1.3551              -0.5517              -0.1443
4    H                0.7733              -0.1706               1.2129
5    H                1.3195              -1.1682              -1.0580
6    H                2.1878              -0.8102               0.5317


Energy:                  -29.593744 Convergence criteria  Is converged 
Maximum Force:             0.045275     0.000450                No
RMS Force:                 0.018233     0.000300                No
Maximum Displacement:      0.014330     0.001800                No
RMS Displacement:          0.004811     0.001200                No

Model change: -1.093441e-03  Actual change: -1.091808e-03  rho:  0.999
Trust radius (MW):  0.025000  Step norm (MW):  0.024551  On boundary: False

----------------------------------------------------------------------
                            Iteration: 33                             


                             Coordinates                              
----------------------------------------------------------------------
0    C                0.7953               0.7578              -0.1614
1    H                0.6383               1.3794              -1.0556
2    O                0.4096               1.1871               1.0139
3    C                1.3545              -0.5510              -0.1426
4    H                0.7692              -0.1611               1.1962
5    H                1.3154              -1.1710              -1.0535
6    H                2.1905              -0.8062               0.5302


Energy:                  -29.594758 Convergence criteria  Is converged 
Maximum Force:             0.043408     0.000450                No
RMS Force:                 0.017514     0.000300                No
Maximum Displacement:      0.016717     0.001800                No
RMS Displacement:          0.004735     0.001200                No

Model change: -1.034693e-03  Actual change: -1.014084e-03  rho:  0.980
Trust radius (MW):  0.025000  Step norm (MW):  0.024428  On boundary: False

----------------------------------------------------------------------
                            Iteration: 34                             


                             Coordinates                              
----------------------------------------------------------------------
0    C                0.7961               0.7583              -0.1634
1    H                0.6370               1.3811              -1.0557
2    O                0.4100               1.1853               1.0148
3    C                1.3539              -0.5501              -0.1408
4    H                0.7640              -0.1518               1.1820
5    H                1.3107              -1.1742              -1.0484
6    H                2.1933              -0.8015               0.5287


Energy:                  -29.595684 Convergence criteria  Is converged 
Maximum Force:             0.044018     0.000450                No
RMS Force:                 0.017535     0.000300                No
Maximum Displacement:      0.014186     0.001800                No
RMS Displacement:          0.004500     0.001200                No

Model change: -9.190169e-04  Actual change: -9.258091e-04  rho:  1.007
Trust radius (MW):  0.025000  Step norm (MW):  0.024367  On boundary: False

----------------------------------------------------------------------
                            Iteration: 35                             


                             Coordinates                              
----------------------------------------------------------------------
0    C                0.7968               0.7591              -0.1654
1    H                0.6357               1.3829              -1.0561
2    O                0.4104               1.1836               1.0154
3    C                1.3531              -0.5492              -0.1386
4    H                0.7605              -0.1480               1.1656
5    H                1.3053              -1.1777              -1.0426
6    H                2.1967              -0.7964               0.5271


Energy:                  -29.596550 Convergence criteria  Is converged 
Maximum Force:             0.043696     0.000450                No
RMS Force:                 0.017440     0.000300                No
Maximum Displacement:      0.016415     0.001800                No
RMS Displacement:          0.004523     0.001200                No

Model change: -8.593222e-04  Actual change: -8.662492e-04  rho:  1.008
Trust radius (MW):  0.025000  Step norm (MW):  0.024833  On boundary: False

----------------------------------------------------------------------
                            Iteration: 36                             


                             Coordinates                              
----------------------------------------------------------------------
0    C                0.7976               0.7600              -0.1677
1    H                0.6343               1.3849              -1.0566
2    O                0.4109               1.1815               1.0162
3    C                1.3524              -0.5483              -0.1365
4    H                0.7558              -0.1420               1.1520
5    H                1.2999              -1.1813              -1.0368
6    H                2.2001              -0.7911               0.5255


Energy:                  -29.597381 Convergence criteria  Is converged 
Maximum Force:             0.043774     0.000450                No
RMS Force:                 0.017213     0.000300                No
Maximum Displacement:      0.013596     0.001800                No
RMS Displacement:          0.004278     0.001200                No

Model change: -8.318494e-04  Actual change: -8.301288e-04  rho:  0.998
Trust radius (MW):  0.025000  Step norm (MW):  0.024378  On boundary: False

----------------------------------------------------------------------
                            Iteration: 37                             


                             Coordinates                              
----------------------------------------------------------------------
0    C                0.7986               0.7610              -0.1702
1    H                0.6328               1.3871              -1.0573
2    O                0.4114               1.1793               1.0170
3    C                1.3516              -0.5472              -0.1346
4    H                0.7496              -0.1338               1.1419
5    H                1.2944              -1.1852              -1.0308
6    H                2.2033              -0.7855               0.5241


Energy:                  -29.598154 Convergence criteria  Is converged 
Maximum Force:             0.043943     0.000450                No
RMS Force:                 0.016899     0.000300                No
Maximum Displacement:      0.010152     0.001800                No
RMS Displacement:          0.004146     0.001200                No

Model change: -7.781110e-04  Actual change: -7.730573e-04  rho:  0.994
Trust radius (MW):  0.025000  Step norm (MW):  0.024495  On boundary: False

----------------------------------------------------------------------
                            Iteration: 38                             


                             Coordinates                              
----------------------------------------------------------------------
0    C                0.7995               0.7621              -0.1726
1    H                0.6313               1.3895              -1.0581
2    O                0.4119               1.1771               1.0177
3    C                1.3508              -0.5462              -0.1325
4    H                0.7444              -0.1292               1.1308
5    H                1.2884              -1.1895              -1.0243
6    H                2.2069              -0.7795               0.5225


Energy:                  -29.598893 Convergence criteria  Is converged 
Maximum Force:             0.043829     0.000450                No
RMS Force:                 0.016631     0.000300                No
Maximum Displacement:      0.011066     0.001800                No
RMS Displacement:          0.004072     0.001200                No

Model change: -7.391428e-04  Actual change: -7.394254e-04  rho:  1.000
Trust radius (MW):  0.025000  Step norm (MW):  0.024382  On boundary: False

----------------------------------------------------------------------
                            Iteration: 39                             


                             Coordinates                              
----------------------------------------------------------------------
0    C                0.8005               0.7634              -0.1753
1    H                0.6298               1.3921              -1.0591
2    O                0.4125               1.1747               1.0183
3    C                1.3499              -0.5450              -0.1305
4    H                0.7381              -0.1241               1.1235
5    H                1.2820              -1.1942              -1.0175
6    H                2.2102              -0.7728               0.5211


Energy:                  -29.599585 Convergence criteria  Is converged 
Maximum Force:             0.042789     0.000450                No
RMS Force:                 0.015951     0.000300                No
Maximum Displacement:      0.007294     0.001800                No
RMS Displacement:          0.003892     0.001200                No

Model change: -6.901053e-04  Actual change: -6.915927e-04  rho:  1.002
Trust radius (MW):  0.025000  Step norm (MW):  0.024404  On boundary: False

----------------------------------------------------------------------
                            Iteration: 40                             


                             Coordinates                              
----------------------------------------------------------------------
0    C                0.8016               0.7647              -0.1781
1    H                0.6283               1.3949              -1.0601
2    O                0.4130               1.1721               1.0190
3    C                1.3491              -0.5438              -0.1286
4    H                0.7316              -0.1183               1.1188
5    H                1.2757              -1.1994              -1.0103
6    H                2.2131              -0.7658               0.5199


Energy:                  -29.600227 Convergence criteria  Is converged 
Maximum Force:             0.041726     0.000450                No
RMS Force:                 0.015265     0.000300                No
Maximum Displacement:      0.007117     0.001800                No
RMS Displacement:          0.003836     0.001200                No

Model change: -6.432034e-04  Actual change: -6.424636e-04  rho:  0.999
Trust radius (MW):  0.025000  Step norm (MW):  0.024508  On boundary: False

----------------------------------------------------------------------
                            Iteration: 41                             


                             Coordinates                              
----------------------------------------------------------------------
0    C                0.8027               0.7660              -0.1808
1    H                0.6269               1.3977              -1.0611
2    O                0.4136               1.1696               1.0196
3    C                1.3481              -0.5425              -0.1267
4    H                0.7256              -0.1139               1.1147
5    H                1.2691              -1.2048              -1.0028
6    H                2.2158              -0.7584               0.5188


Energy:                  -29.600834 Convergence criteria  Is converged 
Maximum Force:             0.040653     0.000450                No
RMS Force:                 0.014606     0.000300                No
Maximum Displacement:      0.007547     0.001800                No
RMS Displacement:          0.003784     0.001200                No

Model change: -6.059711e-04  Actual change: -6.070882e-04  rho:  1.002
Trust radius (MW):  0.025000  Step norm (MW):  0.024402  On boundary: False

----------------------------------------------------------------------
                            Iteration: 42                             


                             Coordinates                              
----------------------------------------------------------------------
0    C                0.8038               0.7675              -0.1835
1    H                0.6256               1.4006              -1.0621
2    O                0.4142               1.1670               1.0201
3    C                1.3471              -0.5412              -0.1249
4    H                0.7202              -0.1109               1.1105
5    H                1.2623              -1.2106              -0.9949
6    H                2.2185              -0.7507               0.5178


Energy:                  -29.601411 Convergence criteria  Is converged 
Maximum Force:             0.039030     0.000450                No
RMS Force:                 0.013889     0.000300                No
Maximum Displacement:      0.007900     0.001800                No
RMS Displacement:          0.003782     0.001200                No

Model change: -5.778266e-04  Actual change: -5.767941e-04  rho:  0.998
Trust radius (MW):  0.025000  Step norm (MW):  0.024367  On boundary: False

----------------------------------------------------------------------
                            Iteration: 43                             


                             Coordinates                              
----------------------------------------------------------------------
0    C                0.8050               0.7690              -0.1861
1    H                0.6245               1.4037              -1.0631
2    O                0.4147               1.1644               1.0205
3    C                1.3461              -0.5398              -0.1231
4    H                0.7151              -0.1086               1.1074
5    H                1.2554              -1.2166              -0.9866
6    H                2.2209              -0.7426               0.5169


Energy:                  -29.601957 Convergence criteria  Is converged 
Maximum Force:             0.037231     0.000450                No
RMS Force:                 0.013172     0.000300                No
Maximum Displacement:      0.008252     0.001800                No
RMS Displacement:          0.003778     0.001200                No

Model change: -5.462434e-04  Actual change: -5.459934e-04  rho:  1.000
Trust radius (MW):  0.025000  Step norm (MW):  0.024367  On boundary: False

----------------------------------------------------------------------
                            Iteration: 44                             


                             Coordinates                              
----------------------------------------------------------------------
0    C                0.8061               0.7705              -0.1888
1    H                0.6235               1.4069              -1.0640
2    O                0.4153               1.1617               1.0209
3    C                1.3451              -0.5384              -0.1214
4    H                0.7105              -0.1066               1.1054
5    H                1.2485              -1.2229              -0.9781
6    H                2.2231              -0.7343               0.5161


Energy:                  -29.602475 Convergence criteria  Is converged 
Maximum Force:             0.035588     0.000450                No
RMS Force:                 0.012473     0.000300                No
Maximum Displacement:      0.008513     0.001800                No
RMS Displacement:          0.003780     0.001200                No

Model change: -5.179084e-04  Actual change: -5.176216e-04  rho:  0.999
Trust radius (MW):  0.025000  Step norm (MW):  0.024370  On boundary: False

----------------------------------------------------------------------
                            Iteration: 45                             


                             Coordinates                              
----------------------------------------------------------------------
0    C                0.8073               0.7721              -0.1913
1    H                0.6227               1.4102              -1.0649
2    O                0.4158               1.1591               1.0213
3    C                1.3441              -0.5371              -0.1197
4    H                0.7063              -0.1054               1.1036
5    H                1.2416              -1.2295              -0.9693
6    H                2.2252              -0.7258               0.5154


Energy:                  -29.602965 Convergence criteria  Is converged 
Maximum Force:             0.033652     0.000450                No
RMS Force:                 0.011735     0.000300                No
Maximum Displacement:      0.008852     0.001800                No
RMS Displacement:          0.003805     0.001200                No

Model change: -4.914270e-04  Actual change: -4.907399e-04  rho:  0.999
Trust radius (MW):  0.025000  Step norm (MW):  0.024368  On boundary: False

----------------------------------------------------------------------
                            Iteration: 46                             


                             Coordinates                              
----------------------------------------------------------------------
0    C                0.8084               0.7737              -0.1939
1    H                0.6222               1.4137              -1.0658
2    O                0.4163               1.1565               1.0215
3    C                1.3430              -0.5357              -0.1181
4    H                0.7026              -0.1048               1.1028
5    H                1.2346              -1.2362              -0.9602
6    H                2.2270              -0.7170               0.5148


Energy:                  -29.603429 Convergence criteria  Is converged 
Maximum Force:             0.031808     0.000450                No
RMS Force:                 0.011006     0.000300                No
Maximum Displacement:      0.009109     0.001800                No
RMS Displacement:          0.003836     0.001200                No

Model change: -4.634102e-04  Actual change: -4.633665e-04  rho:  1.000
Trust radius (MW):  0.025000  Step norm (MW):  0.024367  On boundary: False

----------------------------------------------------------------------
                            Iteration: 47                             


                             Coordinates                              
----------------------------------------------------------------------
0    C                0.8095               0.7753              -0.1964
1    H                0.6218               1.4173              -1.0666
2    O                0.4169               1.1539               1.0218
3    C                1.3420              -0.5343              -0.1166
4    H                0.6992              -0.1045               1.1022
5    H                1.2277              -1.2432              -0.9508
6    H                2.2287              -0.7082               0.5143


Energy:                  -29.603866 Convergence criteria  Is converged 
Maximum Force:             0.030121     0.000450                No
RMS Force:                 0.010317     0.000300                No
Maximum Displacement:      0.009391     0.001800                No
RMS Displacement:          0.003866     0.001200                No

Model change: -4.372245e-04  Actual change: -4.375577e-04  rho:  1.001
Trust radius (MW):  0.025000  Step norm (MW):  0.024367  On boundary: False

----------------------------------------------------------------------
                            Iteration: 48                             


                             Coordinates                              
----------------------------------------------------------------------
0    C                0.8106               0.7770              -0.1988
1    H                0.6217               1.4211              -1.0675
2    O                0.4174               1.1512               1.0220
3    C                1.3409              -0.5330              -0.1151
4    H                0.6963              -0.1039               1.1018
5    H                1.2207              -1.2502              -0.9412
6    H                2.2302              -0.6993               0.5138


Energy:                  -29.604279 Convergence criteria  Is converged 
Maximum Force:             0.028380     0.000450                No
RMS Force:                 0.009639     0.000300                No
Maximum Displacement:      0.009610     0.001800                No
RMS Displacement:          0.003894     0.001200                No

Model change: -4.124749e-04  Actual change: -4.123002e-04  rho:  1.000
Trust radius (MW):  0.025000  Step norm (MW):  0.024367  On boundary: False

----------------------------------------------------------------------
                            Iteration: 49                             


                             Coordinates                              
----------------------------------------------------------------------
0    C                0.8116               0.7787              -0.2012
1    H                0.6219               1.4250              -1.0682
2    O                0.4179               1.1486               1.0222
3    C                1.3399              -0.5317              -0.1137
4    H                0.6937              -0.1035               1.1016
5    H                1.2137              -1.2574              -0.9313
6    H                2.2318              -0.6904               0.5132


Energy:                  -29.604665 Convergence criteria  Is converged 
Maximum Force:             0.026513     0.000450                No
RMS Force:                 0.008942     0.000300                No
Maximum Displacement:      0.009898     0.001800                No
RMS Displacement:          0.003922     0.001200                No

Model change: -3.866033e-04  Actual change: -3.864616e-04  rho:  1.000
Trust radius (MW):  0.025000  Step norm (MW):  0.024368  On boundary: False

----------------------------------------------------------------------
                            Iteration: 50                             


                             Coordinates                              
----------------------------------------------------------------------
0    C                0.8127               0.7804              -0.2035
1    H                0.6224               1.4289              -1.0690
2    O                0.4184               1.1460               1.0224
3    C                1.3388              -0.5304              -0.1123
4    H                0.6915              -0.1028               1.1016
5    H                1.2067              -1.2646              -0.9211
6    H                2.2331              -0.6816               0.5126


Energy:                  -29.605025 Convergence criteria  Is converged 
Maximum Force:             0.024940     0.000450                No
RMS Force:                 0.008300     0.000300                No
Maximum Displacement:      0.010135     0.001800                No
RMS Displacement:          0.003951     0.001200                No

Model change: -3.600000e-04  Actual change: -3.602952e-04  rho:  1.001
Trust radius (MW):  0.025000  Step norm (MW):  0.024367  On boundary: False

----------------------------------------------------------------------
                            Iteration: 51                             


                             Coordinates                              
----------------------------------------------------------------------
0    C                0.8136               0.7822              -0.2058
1    H                0.6231               1.4330              -1.0697
2    O                0.4188               1.1434               1.0225
3    C                1.3378              -0.5292              -0.1108
4    H                0.6902              -0.1032               1.1003
5    H                1.1995              -1.2718              -0.9107
6    H                2.2347              -0.6728               0.5118


Energy:                  -29.605361 Convergence criteria  Is converged 
Maximum Force:             0.023016     0.000450                No
RMS Force:                 0.007666     0.000300                No
Maximum Displacement:      0.010415     0.001800                No
RMS Displacement:          0.003993     0.001200                No

Model change: -3.353128e-04  Actual change: -3.351867e-04  rho:  1.000
Trust radius (MW):  0.025000  Step norm (MW):  0.024397  On boundary: False

----------------------------------------------------------------------
                            Iteration: 52                             


                             Coordinates                              
----------------------------------------------------------------------
0    C                0.8145               0.7840              -0.2080
1    H                0.6241               1.4373              -1.0702
2    O                0.4193               1.1407               1.0226
3    C                1.3368              -0.5280              -0.1094
4    H                0.6892              -0.1030               1.0995
5    H                1.1923              -1.2790              -0.9001
6    H                2.2362              -0.6641               0.5110


Energy:                  -29.605671 Convergence criteria  Is converged 
Maximum Force:             0.021101     0.000450                No
RMS Force:                 0.006990     0.000300                No
Maximum Displacement:      0.010567     0.001800                No
RMS Displacement:          0.003993     0.001200                No

Model change: -3.112654e-04  Actual change: -3.106594e-04  rho:  0.998
Trust radius (MW):  0.025000  Step norm (MW):  0.024370  On boundary: False

----------------------------------------------------------------------
                            Iteration: 53                             


                             Coordinates                              
----------------------------------------------------------------------
0    C                0.8154               0.7858              -0.2102
1    H                0.6255               1.4417              -1.0707
2    O                0.4197               1.1381               1.0226
3    C                1.3358              -0.5268              -0.1080
4    H                0.6884              -0.1026               1.0990
5    H                1.1850              -1.2862              -0.8893
6    H                2.2378              -0.6556               0.5100


Energy:                  -29.605956 Convergence criteria  Is converged 
Maximum Force:             0.019175     0.000450                No
RMS Force:                 0.006310     0.000300                No
Maximum Displacement:      0.010855     0.001800                No
RMS Displacement:          0.004038     0.001200                No

Model change: -2.846581e-04  Actual change: -2.844483e-04  rho:  0.999
Trust radius (MW):  0.025000  Step norm (MW):  0.024367  On boundary: False

----------------------------------------------------------------------
                            Iteration: 54                             


                             Coordinates                              
----------------------------------------------------------------------
0    C                0.8162               0.7876              -0.2124
1    H                0.6271               1.4463              -1.0710
2    O                0.4201               1.1355               1.0227
3    C                1.3349              -0.5257              -0.1067
4    H                0.6880              -0.1023               1.0983
5    H                1.1775              -1.2934              -0.8782
6    H                2.2395              -0.6473               0.5087


Energy:                  -29.606213 Convergence criteria  Is converged 
Maximum Force:             0.017123     0.000450                No
RMS Force:                 0.005624     0.000300                No
Maximum Displacement:      0.011111     0.001800                No
RMS Displacement:          0.004080     0.001200                No

Model change: -2.580757e-04  Actual change: -2.578497e-04  rho:  0.999
Trust radius (MW):  0.025000  Step norm (MW):  0.024369  On boundary: False

----------------------------------------------------------------------
                            Iteration: 55                             


                             Coordinates                              
----------------------------------------------------------------------
0    C                0.8170               0.7895              -0.2144
1    H                0.6290               1.4510              -1.0710
2    O                0.4204               1.1330               1.0226
3    C                1.3340              -0.5246              -0.1053
4    H                0.6879              -0.1019               1.0978
5    H                1.1697              -1.3007              -0.8668
6    H                2.2413              -0.6392               0.5070


Energy:                  -29.606444 Convergence criteria  Is converged 
Maximum Force:             0.015009     0.000450                No
RMS Force:                 0.004899     0.000300                No
Maximum Displacement:      0.011385     0.001800                No
RMS Displacement:          0.004133     0.001200                No

Model change: -2.310473e-04  Actual change: -2.308786e-04  rho:  0.999
Trust radius (MW):  0.025000  Step norm (MW):  0.024368  On boundary: False

----------------------------------------------------------------------
                            Iteration: 56                             


                             Coordinates                              
----------------------------------------------------------------------
0    C                0.8178               0.7913              -0.2164
1    H                0.6312               1.4559              -1.0707
2    O                0.4207               1.1304               1.0226
3    C                1.3331              -0.5236              -0.1041
4    H                0.6881              -0.1011               1.0977
5    H                1.1617              -1.3079              -0.8551
6    H                2.2432              -0.6314               0.5050


Energy:                  -29.606647 Convergence criteria  Is converged 
Maximum Force:             0.012954     0.000450                No
RMS Force:                 0.004187     0.000300                No
Maximum Displacement:      0.011692     0.001800                No
RMS Displacement:          0.004202     0.001200                No

Model change: -2.029720e-04  Actual change: -2.029985e-04  rho:  1.000
Trust radius (MW):  0.025000  Step norm (MW):  0.024367  On boundary: False

----------------------------------------------------------------------
                            Iteration: 57                             


                             Coordinates                              
----------------------------------------------------------------------
0    C                0.8185               0.7931              -0.2183
1    H                0.6338               1.4611              -1.0703
2    O                0.4209               1.1280               1.0224
3    C                1.3324              -0.5226              -0.1029
4    H                0.6888              -0.1006               1.0974
5    H                1.1532              -1.3151              -0.8431
6    H                2.2454              -0.6239               0.5026


Energy:                  -29.606823 Convergence criteria  Is converged 
Maximum Force:             0.010824     0.000450                No
RMS Force:                 0.003484     0.000300                No
Maximum Displacement:      0.011967     0.001800                No
RMS Displacement:          0.004276     0.001200                No

Model change: -1.753752e-04  Actual change: -1.752377e-04  rho:  0.999
Trust radius (MW):  0.025000  Step norm (MW):  0.024368  On boundary: False

----------------------------------------------------------------------
                            Iteration: 58                             


                             Coordinates                              
----------------------------------------------------------------------
0    C                0.8192               0.7948              -0.2201
1    H                0.6367               1.4664              -1.0697
2    O                0.4210               1.1256               1.0223
3    C                1.3317              -0.5217              -0.1017
4    H                0.6901              -0.0998               1.0974
5    H                1.1443              -1.3222              -0.8309
6    H                2.2479              -0.6168               0.4997


Energy:                  -29.606970 Convergence criteria  Is converged 
Maximum Force:             0.008775     0.000450                No
RMS Force:                 0.002809     0.000300                No
Maximum Displacement:      0.012202     0.001800                No
RMS Displacement:          0.004359     0.001200                No

Model change: -1.475247e-04  Actual change: -1.474917e-04  rho:  1.000
Trust radius (MW):  0.025000  Step norm (MW):  0.024367  On boundary: False

----------------------------------------------------------------------
                            Iteration: 59                             


                             Coordinates                              
----------------------------------------------------------------------
0    C                0.8199               0.7966              -0.2217
1    H                0.6401               1.4719              -1.0688
2    O                0.4210               1.1232               1.0221
3    C                1.3311              -0.5208              -0.1006
4    H                0.6919              -0.0990               1.0974
5    H                1.1349              -1.3291              -0.8185
6    H                2.2508              -0.6102               0.4961


Energy:                  -29.607091 Convergence criteria  Is converged 
Maximum Force:             0.006816     0.000450                No
RMS Force:                 0.002182     0.000300                No
Maximum Displacement:      0.012403     0.001800                No
RMS Displacement:          0.004449     0.001200                No

Model change: -1.207107e-04  Actual change: -1.208037e-04  rho:  1.001
Trust radius (MW):  0.025000  Step norm (MW):  0.024368  On boundary: False

----------------------------------------------------------------------
                            Iteration: 60                             


                             Coordinates                              
----------------------------------------------------------------------
0    C                0.8206               0.7983              -0.2232
1    H                0.6439               1.4775              -1.0678
2    O                0.4209               1.1210               1.0218
3    C                1.3306              -0.5201              -0.0996
4    H                0.6942              -0.0979               1.0976
5    H                1.1248              -1.3358              -0.8060
6    H                2.2541              -0.6043               0.4916


Energy:                  -29.607186 Convergence criteria  Is converged 
Maximum Force:             0.005038     0.000450                No
RMS Force:                 0.001624     0.000300                No
Maximum Displacement:      0.012532     0.001800                No
RMS Displacement:          0.004543     0.001200                No

Model change: -9.537141e-05  Actual change: -9.547174e-05  rho:  1.001
Trust radius (MW):  0.025000  Step norm (MW):  0.024367  On boundary: False

----------------------------------------------------------------------
                            Iteration: 61                             


                             Coordinates                              
----------------------------------------------------------------------
0    C                0.8213               0.7999              -0.2245
1    H                0.6480               1.4830              -1.0667
2    O                0.4207               1.1189               1.0215
3    C                1.3302              -0.5194              -0.0985
4    H                0.6971              -0.0966               1.0982
5    H                1.1142              -1.3420              -0.7935
6    H                2.2581              -0.5992               0.4861


Energy:                  -29.607258 Convergence criteria  Is converged 
Maximum Force:             0.003505     0.000450                No
RMS Force:                 0.001133     0.000300                No
Maximum Displacement:      0.012528     0.001800                No
RMS Displacement:          0.004629     0.001200                No

Model change: -7.211656e-05  Actual change: -7.209182e-05  rho:  1.000
Trust radius (MW):  0.025000  Step norm (MW):  0.024367  On boundary: False

----------------------------------------------------------------------
                            Iteration: 62                             


                             Coordinates                              
----------------------------------------------------------------------
0    C                0.8219               0.8014              -0.2256
1    H                0.6525               1.4884              -1.0655
2    O                0.4202               1.1170               1.0212
3    C                1.3300              -0.5188              -0.0976
4    H                0.7007              -0.0951               1.0990
5    H                1.1030              -1.3477              -0.7811
6    H                2.2626              -0.5950               0.4795


Energy:                  -29.607309 Convergence criteria  Is converged 
Maximum Force:             0.002138     0.000450                No
RMS Force:                 0.000704     0.000300                No
Maximum Displacement:      0.012377     0.001800                No
RMS Displacement:          0.004730     0.001200                No

Model change: -5.032717e-05  Actual change: -5.051494e-05  rho:  1.004
Trust radius (MW):  0.025000  Step norm (MW):  0.024367  On boundary: False

----------------------------------------------------------------------
                            Iteration: 63                             


                             Coordinates                              
----------------------------------------------------------------------
0    C                0.8227               0.8029              -0.2265
1    H                0.6573               1.4936              -1.0642
2    O                0.4196               1.1153               1.0208
3    C                1.3299              -0.5184              -0.0968
4    H                0.7049              -0.0933               1.1003
5    H                1.0913              -1.3529              -0.7691
6    H                2.2680              -0.5919               0.4716


Energy:                  -29.607339 Convergence criteria  Is converged 
Maximum Force:             0.000977     0.000450                No
RMS Force:                 0.000339     0.000300                No
Maximum Displacement:      0.012017     0.001800                No
RMS Displacement:          0.004835     0.001200                No

Model change: -3.023606e-05  Actual change: -3.023446e-05  rho:  1.000
Trust radius (MW):  0.025000  Step norm (MW):  0.024367  On boundary: False

----------------------------------------------------------------------
                            Iteration: 64                             


                             Coordinates                              
----------------------------------------------------------------------
0    C                0.8235               0.8042              -0.2271
1    H                0.6623               1.4983              -1.0629
2    O                0.4187               1.1139               1.0203
3    C                1.3300              -0.5181              -0.0961
4    H                0.7096              -0.0912               1.1020
5    H                1.0792              -1.3573              -0.7576
6    H                2.2740              -0.5899               0.4622


Energy:                  -29.607351 Convergence criteria  Is converged 
Maximum Force:             0.000153     0.000450                Yes
RMS Force:                 0.000062     0.000300                Yes
Maximum Displacement:      0.012040     0.001800                No
RMS Displacement:          0.004926     0.001200                No

Model change: -1.179714e-05  Actual change: -1.189113e-05  rho:  1.008
Trust radius (MW):  0.025000  Step norm (MW):  0.024367  On boundary: False

----------------------------------------------------------------------
                            Iteration: 65                             


                             Coordinates                              
----------------------------------------------------------------------
0    C                0.8272               0.8048              -0.2271
1    H                0.6732               1.5006              -1.0630
2    O                0.4173               1.1148               1.0185
3    C                1.3283              -0.5196              -0.0943
4    H                0.7047              -0.0907               1.1013
5    H                1.0752              -1.3583              -0.7553
6    H                2.2707              -0.5950               0.4661


Energy:                  -29.607351 Convergence criteria  Is converged 
Maximum Force:             0.000024     0.000450                Yes
RMS Force:                 0.000009     0.000300                Yes
Maximum Displacement:      0.010934     0.001800                No
RMS Displacement:          0.003464     0.001200                No

Model change: -3.479445e-07  Actual change: -3.427267e-07  rho:  0.985
Trust radius (MW):  0.025000  Step norm (MW):  0.024367  On boundary: False

----------------------------------------------------------------------
                            Iteration: 66                             


                             Coordinates                              
----------------------------------------------------------------------
0    C                0.8281               0.8037              -0.2237
1    H                0.6741               1.4995              -1.0595
2    O                0.4182               1.1138               1.0219
3    C                1.3292              -0.5206              -0.0909
4    H                0.7056              -0.0917               1.1047
5    H                1.0760              -1.3593              -0.7519
6    H                2.2716              -0.5960               0.4695


Energy:                  -29.607351 Convergence criteria  Is converged 
Maximum Force:             0.000000     0.000450                Yes
RMS Force:                 0.000000     0.000300                Yes
Maximum Displacement:      0.003444     0.001800                No
RMS Displacement:          0.002116     0.001200                No

Model change: -8.643293e-10  Actual change: -7.450581e-08  rho:  86.201
Trust radius (MW):  0.025000  Step norm (MW):  0.024367  On boundary: False

----------------------------------------------------------------------
                            Iteration: 67                             


                             Coordinates                              
----------------------------------------------------------------------
0    C                0.8281               0.8038              -0.2238
1    H                0.6741               1.4995              -1.0597
2    O                0.4182               1.1139               1.0218
3    C                1.3292              -0.5206              -0.0909
4    H                0.7057              -0.0915               1.1047
5    H                1.0760              -1.3593              -0.7518
6    H                2.2716              -0.5959               0.4695


Energy:                  -29.607351 Convergence criteria  Is converged 
Maximum Force:             0.000000     0.000450                Yes
RMS Force:                 0.000000     0.000300                Yes
Maximum Displacement:      0.000172     0.001800                Yes
RMS Displacement:          0.000082     0.001200                Yes

Model change: -1.217506e-12  Actual change:  2.980232e-08  rho: -24478.177
Trust radius (MW):  0.001000  Step norm (MW):  0.000975  On boundary: False


----------------------------------------------------------------------
                          Normal Termination                          


---------------------------------------------------------------
                      PATH SUMMARY FOR NEB-TS             
---------------------------------------------------------------
All forces in Eh/Angstrom. Global forces for TS.

Image     E(Eh)   dE(kcal/mol)  max(|Fp|)  RMS(Fp)
   0    -29.67961        0.00     0.03564    0.02027
   1    -29.66283       10.53     0.19707    0.13376
   2    -29.60330       47.89     0.48683    0.25599
   3    -29.53637       89.89     0.74336    0.34478
   4    -29.51055      106.09     0.79821    0.36768 <= CI
  TS    -29.60735       45.35     0.00000    0.00000 <= TS
   6    -29.55523       78.05     0.77161    0.34716
   7    -29.62776       32.54     0.48104    0.25047
   8    -29.68790       -5.20     0.21334    0.12944
   9    -29.70970      -18.88     0.02923    0.01678

-----------------------------------------
  REFINED TS STRUCTURE (ANGSTROEM)
-----------------------------------------
C      0.828093     0.803794    -0.223824
H      0.674104     1.499492    -1.059690
O      0.418238     1.113916     1.021806
C      1.329186    -0.520571    -0.090860
H      0.705654    -0.091537     1.104727
H      1.076018    -1.359337    -0.751811
H      2.271594    -0.595911     0.469482

Wrote STRING-TS MEP to: /home/user/software/MaLePSO/example/ts/string/inp1_stringts_mep.xyz
Wrote TS structure to:  /home/user/software/MaLePSO/example/ts/string/inp1_stringts_ts.xyz
