Preprocessing the settings ...
Model: ANI-2x.
Job type: opt.
GPU ID is not set. Using CPU to calculate.

                             Coordinates                              
**********************************************************************
1    C               -0.7781              -1.0676               0.3211
2    C                1.3026               0.0521              -0.0283
3    C               -0.9720               1.4562               0.8237
4    C                1.9812              -0.4184               1.2502
5    C                2.2640               0.4352              -1.1331
6    N                0.2912              -0.8768              -0.5004
7    N               -2.0192              -1.3720              -0.2331
8    O               -1.6647               1.6302              -0.4018
9    H               -2.2586               0.8701              -0.4759
10   H                0.0278              -0.6783              -1.4585
11   H               -0.6098              -1.3679               1.3412
12   H                0.6813               0.9183               0.2869
13   H               -2.5733              -2.0574               0.2574
14   H               -2.0524              -1.5045              -1.2338
15   H               -0.3690               2.3514               0.9917
16   H               -1.6396               1.2942               1.6747
17   H                2.7644               0.2915               1.5228
18   H                1.7251               0.7307              -2.0378
19   H                2.4356              -1.4061               1.1342
20   H                1.2730              -0.4472               2.0806
21   H                2.8503               1.2987              -0.8143
22   H                2.9600              -0.3688              -1.3889

Performing the constraints and restraints ...
Fixing dihedral between atoms 1, 2, 3, and 4 with dihedral of 89.02092321804447.
Fixing angle between atoms 3, 11, and 12 with angle of 37.053283840145134.
Fixing bond between atoms 3 and 4 with distance of 3.523899871399618.
Fixing dihedral between atoms 3, 4, 5, and 8 with dihedral of 351.5100265600724.

Loading the Machine Learning Potential Model...
Loading ANI model (ANI-2x) successfully.
Using CPU for calculation.
----------------------------------------------------------------------
                             Iteration: 1                             

lambda: -1.7873515109102542
lowest eigenvalue: -1.5271048545837402

                             Coordinates                              
----------------------------------------------------------------------
0    C               -0.7501              -1.1579               0.2930
1    C                1.2879               0.0636              -0.0134
2    C               -0.9479               1.4709               0.7959
3    C                1.9862              -0.3994               1.2617
4    C                2.2495               0.4390              -1.1225
5    N                0.3039              -0.9061              -0.5119
6    N               -1.9887              -1.4208              -0.2351
7    O               -1.6245               1.6260              -0.4141
8    H               -2.2596               0.8732              -0.4698
9    H               -0.0073              -0.6467              -1.4501
10   H               -0.5889              -1.3842               1.3374
11   H                0.6405               0.9212               0.3074
12   H               -2.6164              -2.0420               0.2667
13   H               -2.0893              -1.4785              -1.2470
14   H               -0.3688               2.4053               0.9757
15   H               -1.5775               1.2587               1.6627
16   H                2.7614               0.2987               1.5301
17   H                1.7182               0.7407              -2.0284
18   H                2.4321              -1.3973               1.1285
19   H                1.2703              -0.4505               2.0858
20   H                2.8458               1.3077              -0.8045
21   H                2.9410              -0.3635              -1.3718


Energy:                 -383.483659 Convergence criteria  Is converged 
Maximum Force:             0.063037     0.000450                No
RMS Force:                 0.036243     0.000300                No
Maximum Displacement:      0.090331     0.001800                No
RMS Displacement:          0.042640     0.001200                No

----------------------------------------------------------------------
                             Iteration: 2                             

lambda: -1.8485699123426524
lowest eigenvalue: -1.4715185165405273

                             Coordinates                              
----------------------------------------------------------------------
0    C               -0.7397              -1.2478               0.2600
1    C                1.2715               0.0713               0.0025
2    C               -0.9428               1.5250               0.7762
3    C                1.9860              -0.3855               1.2717
4    C                2.2342               0.4346              -1.1141
5    N                0.2998              -0.9365              -0.5210
6    N               -2.0112              -1.3862              -0.2356
7    O               -1.6208               1.6676              -0.4142
8    H               -2.2273               0.8894              -0.4823
9    H               -0.0415              -0.6247              -1.4426
10   H               -0.5789              -1.4205               1.3192
11   H                0.6192               0.9349               0.3174
12   H               -2.5887              -2.0509               0.2832
13   H               -2.0746              -1.5300              -1.2539
14   H               -0.3816               2.4636               0.9764
15   H               -1.5164               1.2105               1.6565
16   H                2.7577               0.3175               1.5388
17   H                1.7084               0.7366              -2.0239
18   H                2.4374              -1.3801               1.1288
19   H                1.2680              -0.4514               2.0931
20   H                2.8431               1.2986              -0.8036
21   H                2.9154              -0.3791              -1.3569


Energy:                 -383.494854 Convergence criteria  Is converged 
Maximum Force:             0.043292     0.000450                No
RMS Force:                 0.025463     0.000300                No
Maximum Displacement:      0.089895     0.001800                No
RMS Displacement:          0.042640     0.001200                No

----------------------------------------------------------------------
                             Iteration: 3                             

lambda: -1.2872829344577685
lowest eigenvalue: -1.281232476234436

                             Coordinates                              
----------------------------------------------------------------------
0    C               -0.7032              -1.3249               0.2675
1    C                1.2726               0.0694               0.0049
2    C               -0.9466               1.5718               0.7630
3    C                1.9783              -0.3855               1.2747
4    C                2.2351               0.4358              -1.1112
5    N                0.3116              -0.9618              -0.5217
6    N               -1.9879              -1.4006              -0.2264
7    O               -1.6628               1.7309              -0.4157
8    H               -2.2554               0.9485              -0.5031
9    H               -0.0567              -0.6289              -1.4319
10   H               -0.5306              -1.5317               1.3204
11   H                0.6135               0.9332               0.3085
12   H               -2.5866              -2.0498               0.2934
13   H               -2.0745              -1.5240              -1.2500
14   H               -0.3875               2.5014               0.9639
15   H               -1.5027               1.2310               1.6506
16   H                2.7521               0.3201               1.5479
17   H                1.7083               0.7344              -2.0220
18   H                2.4293              -1.3770               1.1329
19   H                1.2537              -0.4499               2.0881
20   H                2.8429               1.2972              -0.8025
21   H                2.9153              -0.3810              -1.3549


Energy:                 -383.496756 Convergence criteria  Is converged 
Maximum Force:             0.042548     0.000450                No
RMS Force:                 0.023539     0.000300                No
Maximum Displacement:      0.111236     0.001800                No
RMS Displacement:          0.042640     0.001200                No

----------------------------------------------------------------------
                             Iteration: 4                             

lambda: -0.8462412638041161
lowest eigenvalue: -0.5049887299537659

                             Coordinates                              
----------------------------------------------------------------------
0    C               -0.7101              -1.3490               0.2436
1    C                1.2589               0.0767               0.0111
2    C               -0.9342               1.6069               0.7599
3    C                1.9690              -0.3767               1.2763
4    C                2.2262               0.4350              -1.1060
5    N                0.3098              -0.9811              -0.5304
6    N               -1.9899              -1.3916              -0.2302
7    O               -1.6688               1.7755              -0.4115
8    H               -2.2183               0.9901              -0.5318
9    H               -0.0659              -0.6273              -1.4324
10   H               -0.5330              -1.5202               1.3062
11   H                0.5984               0.9472               0.2963
12   H               -2.5762              -2.0192               0.3331
13   H               -2.0689              -1.5932              -1.2459
14   H               -0.3976               2.5029               1.0068
15   H               -1.4515               1.1327               1.6200
16   H                2.7350               0.3583               1.5586
17   H                1.6993               0.7268              -2.0213
18   H                2.4513              -1.3458               1.1341
19   H                1.2522              -0.4511               2.0943
20   H                2.8507               1.2772              -0.8079
21   H                2.8835              -0.4107              -1.3447


Energy:                 -383.502667 Convergence criteria  Is converged 
Maximum Force:             0.022255     0.000450                No
RMS Force:                 0.014026     0.000300                No
Maximum Displacement:      0.098334     0.001800                No
RMS Displacement:          0.042640     0.001200                No

----------------------------------------------------------------------
                             Iteration: 5                             

lambda: -0.5264041930180939
lowest eigenvalue: -0.24081921577453613

                             Coordinates                              
----------------------------------------------------------------------
0    C               -0.7103              -1.3549               0.2280
1    C                1.2502               0.0852               0.0155
2    C               -0.9390               1.6110               0.7277
3    C                1.9616              -0.3814               1.2821
4    C                2.2229               0.4367              -1.0967
5    N                0.2960              -0.9645              -0.5475
6    N               -1.9943              -1.3982              -0.2263
7    O               -1.6441               1.7599              -0.4175
8    H               -2.1837               0.9257              -0.5046
9    H               -0.0901              -0.5880              -1.4364
10   H               -0.5199              -1.5284               1.2877
11   H                0.6007               0.9661               0.3054
12   H               -2.5640              -2.0216               0.3587
13   H               -2.0797              -1.6319              -1.2347
14   H               -0.4178               2.5795               0.9693
15   H               -1.3775               1.1477               1.6116
16   H                2.7168               0.3261               1.5748
17   H                1.7030               0.7572              -2.0045
18   H                2.4252              -1.3685               1.1131
19   H                1.2283              -0.4843               2.0886
20   H                2.8609               1.2825              -0.7818
21   H                2.8710              -0.4015              -1.3377


Energy:                 -383.503140 Convergence criteria  Is converged 
Maximum Force:             0.036227     0.000450                No
RMS Force:                 0.016743     0.000300                No
Maximum Displacement:      0.076585     0.001800                No
RMS Displacement:          0.042640     0.001200                No

----------------------------------------------------------------------
                             Iteration: 6                             

lambda: -0.9555386613389097
lowest eigenvalue: -0.2588300108909607

                             Coordinates                              
----------------------------------------------------------------------
0    C               -0.7149              -1.3597               0.2299
1    C                1.2524               0.0868               0.0147
2    C               -0.9251               1.6241               0.7506
3    C                1.9613              -0.3723               1.2792
4    C                2.2245               0.4326              -1.1016
5    N                0.3004              -0.9749              -0.5386
6    N               -1.9960              -1.3891              -0.2275
7    O               -1.6670               1.7963              -0.4140
8    H               -2.1837               0.9968              -0.5411
9    H               -0.0815              -0.6049              -1.4327
10   H               -0.5296              -1.5234               1.2932
11   H                0.5998               0.9683               0.2885
12   H               -2.5760              -1.9993               0.3616
13   H               -2.0812              -1.6330              -1.2324
14   H               -0.4218               2.5223               1.0284
15   H               -1.3878               1.0552               1.5822
16   H                2.7186               0.3732               1.5747
17   H                1.6996               0.7353              -2.0152
18   H                2.4574              -1.3318               1.1271
19   H                1.2441              -0.4643               2.0953
20   H                2.8681               1.2581              -0.8026
21   H                2.8588              -0.4323              -1.3411


Energy:                 -383.505342 Convergence criteria  Is converged 
Maximum Force:             0.025732     0.000450                No
RMS Force:                 0.012613     0.000300                No
Maximum Displacement:      0.092517     0.001800                No
RMS Displacement:          0.042640     0.001200                No

----------------------------------------------------------------------
                             Iteration: 7                             

lambda: -0.629288438049416
lowest eigenvalue: -0.1952621042728424

                             Coordinates                              
----------------------------------------------------------------------
0    C               -0.7131              -1.3600               0.2197
1    C                1.2462               0.0923               0.0166
2    C               -0.9332               1.6192               0.7184
3    C                1.9562              -0.3766               1.2839
4    C                2.2224               0.4337              -1.0950
5    N                0.2895              -0.9600              -0.5533
6    N               -1.9986              -1.3932              -0.2233
7    O               -1.6405               1.7672              -0.4224
8    H               -2.1606               0.9211              -0.5039
9    H               -0.1019              -0.5733              -1.4364
10   H               -0.5168              -1.5273               1.2799
11   H                0.6031               0.9822               0.2981
12   H               -2.5671              -1.9976               0.3825
13   H               -2.0894              -1.6615              -1.2218
14   H               -0.4440               2.5983               0.9835
15   H               -1.3217               1.0883               1.5818
16   H                2.7011               0.3391               1.5869
17   H                1.7042               0.7637              -2.0008
18   H                2.4323              -1.3566               1.1087
19   H                1.2200              -0.4946               2.0869
20   H                2.8749               1.2676              -0.7785
21   H                2.8532              -0.4174              -1.3368


Energy:                 -383.504829 Convergence criteria  Is converged 
Maximum Force:             0.037556     0.000450                No
RMS Force:                 0.015429     0.000300                No
Maximum Displacement:      0.076020     0.001800                No
RMS Displacement:          0.042640     0.001200                No

----------------------------------------------------------------------
                             Iteration: 8                             

lambda: -0.9045745840253068
lowest eigenvalue: -0.2103695422410965

                             Coordinates                              
----------------------------------------------------------------------
0    C               -0.7169              -1.3630               0.2223
1    C                1.2496               0.0927               0.0146
2    C               -0.9201               1.6292               0.7458
3    C                1.9567              -0.3676               1.2805
4    C                2.2249               0.4296              -1.1008
5    N                0.2957              -0.9710              -0.5442
6    N               -1.9998              -1.3834              -0.2253
7    O               -1.6613               1.8001              -0.4175
8    H               -2.1636               0.9918              -0.5418
9    H               -0.0904              -0.5927              -1.4337
10   H               -0.5282              -1.5203               1.2864
11   H                0.6018               0.9812               0.2820
12   H               -2.5788              -1.9755               0.3829
13   H               -2.0917              -1.6583              -1.2210
14   H               -0.4459               2.5361               1.0454
15   H               -1.3445               1.0041               1.5550
16   H                2.7037               0.3860               1.5850
17   H                1.7019               0.7412              -2.0126
18   H                2.4650              -1.3201               1.1237
19   H                1.2370              -0.4731               2.0933
20   H                2.8817               1.2440              -0.8001
21   H                2.8433              -0.4467              -1.3413


Energy:                 -383.506719 Convergence criteria  Is converged 
Maximum Force:             0.024870     0.000450                No
RMS Force:                 0.011802     0.000300                No
Maximum Displacement:      0.084152     0.001800                No
RMS Displacement:          0.042640     0.001200                No

----------------------------------------------------------------------
                             Iteration: 9                             

lambda: -0.6073445342720496
lowest eigenvalue: -0.14346429705619812

                             Coordinates                              
----------------------------------------------------------------------
0    C               -0.7143              -1.3604               0.2137
1    C                1.2442               0.0971               0.0149
2    C               -0.9286               1.6215               0.7148
3    C                1.9509              -0.3722               1.2844
4    C                2.2238               0.4308              -1.0952
5    N                0.2855              -0.9560              -0.5591
6    N               -2.0016              -1.3888              -0.2208
7    O               -1.6346               1.7684              -0.4250
8    H               -2.1415               0.9144              -0.5055
9    H               -0.1100              -0.5628              -1.4378
10   H               -0.5153              -1.5207               1.2748
11   H                0.6052               0.9929               0.2909
12   H               -2.5702              -1.9739               0.4033
13   H               -2.0997              -1.6855              -1.2099
14   H               -0.4678               2.6095               1.0002
15   H               -1.2810               1.0434               1.5594
16   H                2.6857               0.3505               1.5963
17   H                1.7079               0.7700              -1.9991
18   H                2.4385              -1.3462               1.1067
19   H                1.2107              -0.5020               2.0828
20   H                2.8879               1.2545              -0.7761
21   H                2.8405              -0.4298              -1.3388


Energy:                 -383.505663 Convergence criteria  Is converged 
Maximum Force:             0.038989     0.000450                No
RMS Force:                 0.015153     0.000300                No
Maximum Displacement:      0.077474     0.001800                No
RMS Displacement:          0.042640     0.001200                No

----------------------------------------------------------------------
                            Iteration: 10                             

lambda: -0.9000311361255265
lowest eigenvalue: -0.2044363021850586

                             Coordinates                              
----------------------------------------------------------------------
0    C               -0.7171              -1.3648               0.2170
1    C                1.2480               0.0967               0.0127
2    C               -0.9158               1.6328               0.7447
3    C                1.9516              -0.3636               1.2808
4    C                2.2267               0.4263              -1.1013
5    N                0.2926              -0.9678              -0.5496
6    N               -2.0018              -1.3817              -0.2232
7    O               -1.6564               1.8035              -0.4185
8    H               -2.1474               0.9895              -0.5445
9    H               -0.0973              -0.5835              -1.4353
10   H               -0.5261              -1.5158               1.2817
11   H                0.6038               0.9902               0.2753
12   H               -2.5802              -1.9581               0.4004
13   H               -2.1011              -1.6802              -1.2109
14   H               -0.4658               2.5450               1.0620
15   H               -1.3140               0.9704               1.5363
16   H                2.6895               0.3968               1.5935
17   H                1.7060               0.7466              -2.0115
18   H                2.4706              -1.3101               1.1222
19   H                1.2285              -0.4797               2.0893
20   H                2.8943               1.2307              -0.7983
21   H                2.8319              -0.4588              -1.3437


Energy:                 -383.507382 Convergence criteria  Is converged 
Maximum Force:             0.025204     0.000450                No
RMS Force:                 0.011862     0.000300                No
Maximum Displacement:      0.075115     0.001800                No
RMS Displacement:          0.042640     0.001200                No

----------------------------------------------------------------------
                            Iteration: 11                             

lambda: -0.6246501682674475
lowest eigenvalue: -0.1136871874332428

                             Coordinates                              
----------------------------------------------------------------------
0    C               -0.7148              -1.3600               0.2096
1    C                1.2429               0.1003               0.0121
2    C               -0.9241               1.6230               0.7144
3    C                1.9459              -0.3683               1.2841
4    C                2.2257               0.4274              -1.0965
5    N                0.2828              -0.9532              -0.5640
6    N               -2.0034              -1.3879              -0.2192
7    O               -1.6281               1.7690              -0.4258
8    H               -2.1300               0.9117              -0.5054
9    H               -0.1156              -0.5560              -1.4399
10   H               -0.5147              -1.5126               1.2718
11   H                0.6069               1.0004               0.2839
12   H               -2.5723              -1.9572               0.4190
13   H               -2.1082              -1.7053              -1.2006
14   H               -0.4860               2.6171               1.0152
15   H               -1.2512               1.0132               1.5443
16   H                2.6718               0.3604               1.6033
17   H                1.7124               0.7748              -1.9989
18   H                2.4435              -1.3371               1.1060
19   H                1.2019              -0.5071               2.0780
20   H                2.8995               1.2424              -0.7748
21   H                2.8311              -0.4405              -1.3419


Energy:                 -383.506085 Convergence criteria  Is converged 
Maximum Force:             0.040024     0.000450                No
RMS Force:                 0.015192     0.000300                No
Maximum Displacement:      0.077724     0.001800                No
RMS Displacement:          0.042640     0.001200                No

----------------------------------------------------------------------
                            Iteration: 12                             

lambda: -0.9025740631981819
lowest eigenvalue: -0.18451151251792908

                             Coordinates                              
----------------------------------------------------------------------
0    C               -0.7160              -1.3659               0.2130
1    C                1.2470               0.0994               0.0100
2    C               -0.9119               1.6356               0.7447
3    C                1.9463              -0.3604               1.2805
4    C                2.2290               0.4231              -1.1025
5    N                0.2907              -0.9659              -0.5550
6    N               -2.0025              -1.3818              -0.2209
7    O               -1.6508               1.8065              -0.4192
8    H               -2.1375               0.9904              -0.5463
9    H               -0.1033              -0.5766              -1.4373
10   H               -0.5227              -1.5121               1.2780
11   H                0.6052               0.9964               0.2689
12   H               -2.5794              -1.9444               0.4164
13   H               -2.1095              -1.6992              -1.2016
14   H               -0.4813               2.5517               1.0764
15   H               -1.2921               0.9475               1.5225
16   H                2.6764               0.4052               1.6000
17   H                1.7109               0.7511              -2.0114
18   H                2.4735              -1.3022               1.1217
19   H                1.2194              -0.4841               2.0844
20   H                2.9053               1.2191              -0.7969
21   H                2.8236              -0.4688              -1.3467


Energy:                 -383.507752 Convergence criteria  Is converged 
Maximum Force:             0.025143     0.000450                No
RMS Force:                 0.011934     0.000300                No
Maximum Displacement:      0.078613     0.001800                No
RMS Displacement:          0.042640     0.001200                No

----------------------------------------------------------------------
                            Iteration: 13                             

lambda: -0.6323299445480082
lowest eigenvalue: -0.09813233464956284

                             Coordinates                              
----------------------------------------------------------------------
0    C               -0.7141              -1.3596               0.2061
1    C                1.2422               0.1025               0.0090
2    C               -0.9207               1.6247               0.7152
3    C                1.9410              -0.3654               1.2834
4    C                2.2282               0.4242              -1.0980
5    N                0.2812              -0.9513              -0.5689
6    N               -2.0041              -1.3880              -0.2177
7    O               -1.6241               1.7709              -0.4252
8    H               -2.1209               0.9109              -0.5062
9    H               -0.1204              -0.5505              -1.4421
10   H               -0.5125              -1.5065               1.2688
11   H                0.6085               1.0056               0.2774
12   H               -2.5718              -1.9440               0.4329
13   H               -2.1154              -1.7230              -1.1923
14   H               -0.5006               2.6227               1.0286
15   H               -1.2312               0.9942               1.5347
16   H                2.6597               0.3679               1.6087
17   H                1.7177               0.7787              -1.9993
18   H                2.4461              -1.3302               1.1059
19   H                1.1933              -0.5106               2.0732
20   H                2.9099               1.2314              -0.7738
21   H                2.8242              -0.4496              -1.3453


Energy:                 -383.506362 Convergence criteria  Is converged 
Maximum Force:             0.040369     0.000450                No
RMS Force:                 0.015116     0.000300                No
Maximum Displacement:      0.079443     0.001800                No
RMS Displacement:          0.042640     0.001200                No

----------------------------------------------------------------------
                            Iteration: 14                             

lambda: -0.8963880701251202
lowest eigenvalue: -0.1625424027442932

                             Coordinates                              
----------------------------------------------------------------------
0    C               -0.7147              -1.3661               0.2100
1    C                1.2466               0.1012               0.0070
2    C               -0.9090               1.6375               0.7453
3    C                1.9415              -0.3579               1.2800
4    C                2.2316               0.4199              -1.1039
5    N                0.2893              -0.9639              -0.5596
6    N               -2.0027              -1.3817              -0.2189
7    O               -1.6474               1.8086              -0.4189
8    H               -2.1302               0.9906              -0.5478
9    H               -0.1076              -0.5712              -1.4393
10   H               -0.5190              -1.5093               1.2750
11   H                0.6068               1.0009               0.2630
12   H               -2.5782              -1.9326               0.4297
13   H               -2.1163              -1.7148              -1.1936
14   H               -0.4945               2.5568               1.0884
15   H               -1.2767               0.9322               1.5135
16   H                2.6651               0.4120               1.6052
17   H                1.7161               0.7546              -2.0118
18   H                2.4756              -1.2959               1.1221
19   H                1.2112              -0.4873               2.0797
20   H                2.9153               1.2086              -0.7961
21   H                2.8174              -0.4773              -1.3500


Energy:                 -383.507960 Convergence criteria  Is converged 
Maximum Force:             0.024977     0.000450                No
RMS Force:                 0.012002     0.000300                No
Maximum Displacement:      0.079659     0.001800                No
RMS Displacement:          0.042640     0.001200                No

----------------------------------------------------------------------
                            Iteration: 15                             

lambda: -0.6358305941443806
lowest eigenvalue: -0.09190819412469864

                             Coordinates                              
----------------------------------------------------------------------
0    C               -0.7131              -1.3592               0.2033
1    C                1.2416               0.1041               0.0057
2    C               -0.9178               1.6259               0.7162
3    C                1.9361              -0.3627               1.2828
4    C                2.2308               0.4210              -1.0996
5    N                0.2799              -0.9495              -0.5733
6    N               -2.0044              -1.3883              -0.2162
7    O               -1.6214               1.7724              -0.4238
8    H               -2.1154               0.9109              -0.5061
9    H               -0.1240              -0.5463              -1.4444
10   H               -0.5095              -1.5027               1.2661
11   H                0.6098               1.0095               0.2711
12   H               -2.5709              -1.9333               0.4445
13   H               -2.1214              -1.7373              -1.1849
14   H               -0.5105               2.6263               1.0388
15   H               -1.2161               0.9811               1.5285
16   H                2.6489               0.3741               1.6130
17   H                1.7232               0.7816              -2.0002
18   H                2.4470              -1.3245               1.1067
19   H                1.1850              -0.5126               2.0686
20   H                2.9191               1.2216              -0.7732
21   H                2.8190              -0.4576              -1.3484


Energy:                 -383.506526 Convergence criteria  Is converged 
Maximum Force:             0.040536     0.000450                No
RMS Force:                 0.015096     0.000300                No
Maximum Displacement:      0.079707     0.001800                No
RMS Displacement:          0.042640     0.001200                No

----------------------------------------------------------------------
                            Iteration: 16                             

lambda: -0.8902032921888513
lowest eigenvalue: -0.13932617008686066

                             Coordinates                              
----------------------------------------------------------------------
0    C               -0.7134              -1.3660               0.2078
1    C                1.2461               0.1027               0.0038
2    C               -0.9063               1.6388               0.7463
3    C                1.9367              -0.3552               1.2794
4    C                2.2341               0.4168              -1.1055
5    N                0.2881              -0.9621              -0.5636
6    N               -2.0027              -1.3818              -0.2171
7    O               -1.6441               1.8100              -0.4179
8    H               -2.1243               0.9906              -0.5485
9    H               -0.1112              -0.5670              -1.4414
10   H               -0.5152              -1.5078               1.2724
11   H                0.6078               1.0044               0.2572
12   H               -2.5770              -1.9226               0.4409
13   H               -2.1221              -1.7276              -1.1865
14   H               -0.5034               2.5601               1.0979
15   H               -1.2647               0.9212               1.5076
16   H                2.6548               0.4180               1.6093
17   H                1.7213               0.7573              -2.0128
18   H                2.4761              -1.2905               1.1231
19   H                1.2030              -0.4888               2.0753
20   H                2.9239               1.1994              -0.7955
21   H                2.8126              -0.4848              -1.3530


Energy:                 -383.508101 Convergence criteria  Is converged 
Maximum Force:             0.024822     0.000450                No
RMS Force:                 0.012019     0.000300                No
Maximum Displacement:      0.079775     0.001800                No
RMS Displacement:          0.042640     0.001200                No
