
**********************************************************************
*                                                                    *
*                        M   A   P   L   E                           *
*                                                                    *
*      MAchine-learning Potential for Landscape Exploration          *
*                                                                    *
*                                                                    *
*      © 2025 University of Pittsburgh. All rights reserved.         *
*      Licensed under CC BY 4.0 for academic use.                    *
*                                                                    *
*      Principal Developer:  Xujian Wang                             *
*                                                                    *
**********************************************************************


Parsing # commands...
Global parameter: model = ANI-2x
Global parameter: d4 = True
No task specified. Defaulting to 'sp'.
Parsed configuration:
----------------------------------------
Task: sp
model          : ani2x
d4             : True

                             Coordinates                              
**********************************************************************

Group 1 (inline)
--------------------
1    C             -1.455453            -0.627030             0.654723
2    C              0.231729             1.272185             0.584946
3    C             -0.643045            -1.599042            -0.291535
4    C              2.268071             0.199740            -0.578626
5    C             -0.231171             2.078484            -0.578904
6    C              2.811584            -0.663478             0.549364
7    N             -0.408797             0.325658             1.191036
8    N             -2.514160            -0.032597            -0.074666
9    O             -0.126274            -0.890739            -1.298383
10   H              1.205737            -0.022373            -0.776235
11   H              0.056412            -0.042624             2.013659
12   H             -1.827532            -1.130391             1.551518
13   H              1.092672             1.641747             1.129771
14   H             -2.959454             0.760600             0.361834
15   H             -2.233803             0.146037            -1.031105
16   H             -1.380960            -2.381593            -0.576652
17   H              0.095243            -2.110336             0.374223
18   H              2.520431             1.256395            -0.451153
19   H              2.713041            -0.104128            -1.530916
20   H             -1.062095             2.711954            -0.251269
21   H              0.577804             2.723453            -0.915439
22   H             -0.547867             1.440055            -1.396311
23   H              2.526998            -1.706627             0.401141
24   H              2.437062            -0.364108             1.537053
25   H              3.902370            -0.620897             0.608113

Energy: -422.7740406481199


Program started: 2026-01-13 14:27:32

======================================================================
                      TIMING SUMMARY
======================================================================
Input Reading (×3)..................................   0.002 s  (   0.3 %)
  Settings Parsing (×3)...............................   0.000 s  (  19.1 %)
  Coordinate Section Parsing (×3).....................   0.001 s  (  31.7 %)
  Post-Processing Expansion (×3)......................   0.000 s  (   0.4 %)
MLP Initialization (×3).............................   0.350 s  (  56.5 %)
Job Dispatching (×3)................................   0.766 s  ( 123.6 %)
  Single Point Energy Calculation (×3)................   0.764 s  (  99.7 %)
======================================================================
Total wall time: 0.620 s
Total CPU time: 1.123 s
======================================================================

Program ended: 2026-01-13 14:27:32
TOTAL RUN TIME: 0 days 0 hours 0 minutes 0 seconds 619 msec
