
**********************************************************************
*                                                                    *
*                        M   A   P   L   E                           *
*                                                                    *
*      MAchine-learning Potential for Landscape Exploration          *
*                                                                    *
*                                                                    *
*      © 2025 University of Pittsburgh. All rights reserved.         *
*      Licensed under CC BY 4.0 for academic use.                    *
*                                                                    *
*      Principal Developer:  Xujian Wang                             *
*                                                                    *
**********************************************************************


Parsing # commands...
Global parameter: model = ANI-2x
No task specified. Defaulting to 'sp'.
Parsed configuration:
----------------------------------------
Task: sp
model          : ani2x

                             Coordinates                              
**********************************************************************

Group 1 (inline)
--------------------
1    C              0.653658             1.020135             0.250402
2    C             -0.951296            -1.029314             0.574742
3    C              1.958886            -0.936220             0.005155
4    N              0.790775            -0.149466            -0.388469
5    N             -0.422421             1.801631             0.015641
6    O             -1.872111            -0.714479            -0.393606
7    H             -1.491524            -0.991657            -1.237188
8    H              1.935015             1.438955            -0.762746
9    H              1.140802             1.209470             1.209100
10   H             -1.060007             1.568701            -0.724831
11   H             -0.642773             2.561844             0.628784
12   H             -1.224758            -0.594674             1.532954
13   H             -0.613130            -2.063666             0.608335
14   H              1.618545            -1.952644             0.206338
15   H              2.678775            -0.974019            -0.815398
16   H              2.473972            -0.558690             0.896703

Energy: -304.7642933046127


Program started: 2026-01-13 14:27:32

======================================================================
                      TIMING SUMMARY
======================================================================
Input Reading (×4)..................................   0.002 s  (   1.2 %)
  Settings Parsing (×4)...............................   0.000 s  (  18.4 %)
  Coordinate Section Parsing (×4).....................   0.001 s  (  33.9 %)
  Post-Processing Expansion (×4)......................   0.000 s  (   0.4 %)
MLP Initialization (×4).............................   0.440 s  ( 235.9 %)
Job Dispatching (×4)................................   0.862 s  ( 462.4 %)
  Single Point Energy Calculation (×4)................   0.860 s  (  99.7 %)
======================================================================
Total wall time: 0.186 s
Total CPU time: 0.397 s
======================================================================

Program ended: 2026-01-13 14:27:32
TOTAL RUN TIME: 0 days 0 hours 0 minutes 0 seconds 186 msec
