
**********************************************************************
*                                                                    *
*                        M   A   P   L   E                           *
*                                                                    *
*      MAchine-learning Potential for Landscape Exploration          *
*                                                                    *
*                                                                    *
*      © 2025 University of Pittsburgh. All rights reserved.         *
*      Licensed under CC BY 4.0 for academic use.                    *
*                                                                    *
*      Principal Developer:  Xujian Wang                             *
*                                                                    *
**********************************************************************


Parsing # commands...
Global parameter: model = ANI-1xnr
Task set to 'ts'
Global parameter: device = gpu0
Parsed configuration:
----------------------------------------
Task: ts
model          : ANI-1xnr
method         : neb
maxiter        : 200
neb_images     : 7
level          : medium
refine         : nebts
device         : gpu0

                             Coordinates                              
**********************************************************************

Properties of fixed NEB end points:
               Reactant:
                         E               ....   -29.679614 Eh
                         RMS(F)          ....    0.019958 Eh/Angstrom
                         MAX(|F|)        ....    0.038337 Eh/Angstrom
               Product:
                         E               ....   -29.709697 Eh
                         RMS(F)          ....    0.016525 Eh/Angstrom
                         MAX(|F|)        ....    0.032252 Eh/Angstrom

Reactant XYZ (Angstrom):
C        0.826066       0.550860      -0.126179
H        0.455445       1.241751      -0.878432
O        0.568075       1.024651       1.118743
C        1.441110      -0.587360      -0.436361
H        0.909909       0.393232       1.766632
H        1.591683      -0.859293      -1.474189
H        1.808953      -1.273475       0.323724

Product XYZ (Angstrom):
C        0.964601       0.915184       0.079478
H        1.213995       1.461369      -0.856381
O        0.558938       1.513833       1.046148
C        1.173339      -0.574112       0.026877
H        0.895519      -1.026143       0.981199
H        0.571803      -1.005747      -0.781942
H        2.223047      -0.794017      -0.201441

Alignment done. RMSD: 0.898270 (Angstrom) 
 
Starting NEB iterations:
Optim.  Iteration  HEI  E(HEI)-E(0)  max(|Fp|)   RMS(Fp)
Convergence thresholds          0.005000    0.001000
   LBFGS    0      4   0.158715    0.385585   0.104538
   LBFGS    1      4   0.114137    0.111704   0.037933
   LBFGS    2      4   0.102682    0.074927   0.023372
   LBFGS    3      4   0.097621    0.064397   0.019034
   LBFGS    4      4   0.096940    0.087127   0.021284
   LBFGS    5      4   0.094498    0.038603   0.014150
   LBFGS    6      4   0.088270    0.031695   0.012533
   LBFGS    7      4   0.083087    0.059856   0.015201
   LBFGS    8      4   0.076497    0.062227   0.018642
   LBFGS    9      4   0.074939    0.060638   0.014885
   LBFGS   10      4   0.073775    0.034701   0.010868
   LBFGS   11      4   0.073355    0.046166   0.009624
   LBFGS   12      4   0.073512    0.062118   0.011456
   LBFGS   13      4   0.073388    0.022104   0.006106
   LBFGS   14      4   0.073341    0.011360   0.003975
   LBFGS   15      4   0.073308    0.016335   0.003563
   LBFGS   16      4   0.073149    0.026965   0.005258
   LBFGS   17      4   0.072994    0.005798   0.002217
   LBFGS   18      4   0.072868    0.007193   0.002108
   LBFGS   19      4   0.072655    0.008186   0.002314
   LBFGS   20      4   0.072421    0.023888   0.005606
   LBFGS   21      4   0.072287    0.010914   0.003033
   LBFGS   22      4   0.072213    0.011988   0.002645
   LBFGS   23      4   0.072230    0.012889   0.002689
   LBFGS   24      4   0.072326    0.037457   0.007061
   LBFGS   25      4   0.072241    0.007423   0.001826
   LBFGS   26      4   0.072184    0.006473   0.001305
   LBFGS   27      4   0.072115    0.005626   0.001307
   LBFGS   28      4   0.071996    0.015596   0.002846
   LBFGS   29      4   0.071968    0.004527   0.001380
   LBFGS   30      4   0.071964    0.006125   0.001278
   LBFGS   31      4   0.071972    0.006819   0.001291
   LBFGS   32      4   0.072056    0.019283   0.004201
   LBFGS   33      4   0.072051    0.003254   0.000913

NEB optimization converged after 34 iterations.

---------------------------------------------------------------
                         PATH SUMMARY              
---------------------------------------------------------------
All forces in Eh/Angstrom.

Image Dist.(Ang.)    E(Eh)   dE(kcal/mol)  max(|Fp|)  RMS(Fp)
  0     0.000     -29.67961        0.00     0.00000    0.00000
  1     0.460     -29.67902        0.37     0.00162    0.00094
  2     0.460     -29.67097        5.42     0.00215    0.00133
  3     0.466     -29.64805       19.81     0.00299    0.00172
  4     0.457     -29.60756       45.21     0.00299    0.00188 <= HEI
  5     0.446     -29.66909        6.60     0.00432    0.00238
  6     0.431     -29.70546      -16.22     0.00190    0.00124
  7     0.420     -29.70998      -19.06     0.00159    0.00106
  8     0.419     -29.70970      -18.88     0.00000    0.00000

Straight line distance between images along the path:
        D( 0- 1) =  0.4600 Ang.
        D( 1- 2) =  0.4597 Ang.
        D( 2- 3) =  0.4661 Ang.
        D( 3- 4) =  0.4572 Ang.
        D( 4- 5) =  0.4455 Ang.
        D( 5- 6) =  0.4306 Ang.
        D( 6- 7) =  0.4204 Ang.
        D( 7- 8) =  0.4192 Ang.

---------------------------------------------------------------
           INFORMATION ABOUT HIGHEST ENERGY IMAGE
---------------------------------------------------------------
Highest energy image                      ....  4
Energy                                    ....  -29.60756227 Eh
Max. abs. force                           ....   2.9892e-03 Eh/Angstrom

-----------------------------------------
  HIGHEST ENERGY IMAGE (ANGSTROEM)
-----------------------------------------
C        0.873249       0.785618      -0.157210
H        0.689167       1.553873      -0.921936
O        0.528030       0.992271       1.117951
C        1.347318      -0.558530      -0.182829
H        0.789383      -0.259377       1.055969
H        1.076754      -1.290375      -0.958489
H        2.297340      -0.733113       0.340484

Wrote MEP to: /home/user/software/MaLePSO/example/ts/neb/inp1_mep.xyz
Wrote HEI to: /home/user/software/MaLePSO/example/ts/neb/inp1_hei.xyz
Wrote trajectory to: /home/user/software/MaLePSO/example/ts/neb/inp1_image_traj.xyz

Starting CINEB refinement:
Optim.  Iteration  CI   E(CI)-E(0)   max(|Fp|)   RMS(Fp)   max(|FCI|)   RMS(FCI)
Convergence thresholds          0.005000    0.001000       0.002000    0.001000
   LBFGS    0      4   0.072059    0.014312   0.002066          0.018490     0.008733
   LBFGS    1      4   0.072261    0.013058   0.002647          0.015583     0.008172
   LBFGS    2      4   0.072314    0.016775   0.002727          0.007461     0.004719
   LBFGS    3      4   0.072362    0.005817   0.001226          0.003226     0.002302
   LBFGS    4      4   0.072349    0.002611   0.000615          0.002109     0.001463

CINEB refinement converged after 5 iterations.

---------------------------------------------------------------
               INFORMATION ABOUT SADDLE POINT     
---------------------------------------------------------------
Climbing image                            ....  4
Energy                                    ....  -29.60726494 Eh
Max. abs. force                           ....   2.1094e-03 Eh/Angstrom

-----------------------------------------
  SADDLE POINT (ANGSTROEM)
-----------------------------------------
C        0.877331       0.783158      -0.162981
H        0.690916       1.554058      -0.921975
O        0.529607       0.976229       1.123479
C        1.348867      -0.556387      -0.192325
H        0.782899      -0.242979       1.066332
H        1.076497      -1.294332      -0.958363
H        2.295125      -0.729381       0.339772

Starting Transition State Search (TS) with RS-PRFO...

----------------------------------------------------------------------
                             Iteration: 1                             


                             Coordinates                              
----------------------------------------------------------------------
0    C                0.8599               0.7741              -0.1733
1    H                0.6584               1.5364              -0.9382
2    O                0.5514               0.9904               1.1215
3    C                1.3399              -0.5648              -0.1824
4    H                0.8169              -0.2225               1.0884
5    H                1.0180              -1.3461              -0.8882
6    H                2.3212              -0.6977               0.2994


Energy:                  -29.607339 Convergence criteria  Is converged 
Maximum Force:             0.002708     0.000450                No
RMS Force:                 0.001293     0.000300                No
Maximum Displacement:      0.070169     0.001800                No
RMS Displacement:          0.030444     0.001200                No

Model change: -9.071379e-05  Actual change: -7.396936e-05  rho:  0.815
Trust radius (MW):  0.200000  Step norm (MW):  0.194937  On boundary: False

----------------------------------------------------------------------
                             Iteration: 2                             


                             Coordinates                              
----------------------------------------------------------------------
0    C                0.8616               0.7711              -0.1729
1    H                0.6610               1.5333              -0.9379
2    O                0.5525               0.9878               1.1206
3    C                1.3422              -0.5675              -0.1821
4    H                0.8189              -0.2249               1.0872
5    H                1.0223              -1.3469              -0.8853
6    H                2.3217              -0.7020               0.2976


Energy:                  -29.607351 Convergence criteria  Is converged 
Maximum Force:             0.000030     0.000450                Yes
RMS Force:                 0.000012     0.000300                Yes
Maximum Displacement:      0.004340     0.001800                No
RMS Displacement:          0.002305     0.001200                No

Model change: -1.256212e-05  Actual change: -1.254678e-05  rho:  0.999
Trust radius (MW):  0.200000  Step norm (MW):  0.022801  On boundary: False

----------------------------------------------------------------------
                             Iteration: 3                             


                             Coordinates                              
----------------------------------------------------------------------
0    C                0.8617               0.7712              -0.1728
1    H                0.6613               1.5337              -0.9376
2    O                0.5524               0.9876               1.1207
3    C                1.3421              -0.5674              -0.1822
4    H                0.8187              -0.2250               1.0871
5    H                1.0223              -1.3467              -0.8857
6    H                2.3217              -0.7022               0.2975


Energy:                  -29.607352 Convergence criteria  Is converged 
Maximum Force:             0.000000     0.000450                Yes
RMS Force:                 0.000000     0.000300                Yes
Maximum Displacement:      0.000381     0.001800                Yes
RMS Displacement:          0.000190     0.001200                Yes

Model change: -9.405095e-10  Actual change: -2.980232e-08  rho:  31.687
Trust radius (MW):  0.001563  Step norm (MW):  0.001523  On boundary: False


----------------------------------------------------------------------
                          Normal Termination                          


---------------------------------------------------------------
                      PATH SUMMARY FOR NEB-TS             
---------------------------------------------------------------
All forces in Eh/Angstrom. Global forces for TS.

Image     E(Eh)   dE(kcal/mol)  max(|Fp|)  RMS(Fp)
   0    -29.67961        0.00     0.03834    0.01996
   1    -29.67903        0.37     0.00524    0.00324
   2    -29.67094        5.44     0.01993    0.01102
   3    -29.64908       19.16     0.06635    0.03032
   4    -29.60726       45.40     0.00211    0.00146 <= CI
  TS    -29.60735       45.35     0.00000    0.00000 <= TS
   6    -29.66642        8.28     0.12141    0.06025
   7    -29.70516      -16.03     0.02832    0.01434
   8    -29.71000      -19.07     0.00109    0.00070
   9    -29.70970      -18.88     0.03225    0.01652

-----------------------------------------
  REFINED TS STRUCTURE (ANGSTROEM)
-----------------------------------------
C        0.861704       0.771209      -0.172818
H        0.661349       1.533660      -0.937610
O        0.552391       0.987618       1.120721
C        1.342136      -0.567377      -0.182235
H        0.818677      -0.225048       1.087054
H        1.022252      -1.346667      -0.885697
H        2.321679      -0.702170       0.297472

Wrote NEB-TS MEP to: /home/user/software/MaLePSO/example/ts/neb/inp1_nebts_mep.xyz
Wrote TS structure to: /home/user/software/MaLePSO/example/ts/neb/inp1_nebts_ts.xyz
