Preprocessing the settings ...
Model: ANI-2x.
Job type: ts.
DFT-D4 dispersion correction is enabled.
GPU ID is not set. Using CPU to calculate.

                             Coordinates                              
**********************************************************************
1    C               -0.8675              -1.1212               0.1451
2    C                1.2063               0.0888               0.0375
3    C               -0.8012               1.8039               0.7777
4    C                1.9270              -0.5238               1.2299
5    C                2.1735               0.5194              -1.0520
6    N                0.2436              -0.9006              -0.5570
7    N               -2.0080              -1.5937              -0.4191
8    O               -1.6073               1.4743              -0.2757
9    H               -1.9698               0.5875              -0.1411
10   H                0.0290              -0.6370              -1.5287
11   H               -0.8978              -0.8021               1.1842
12   H                0.5985               0.9809               0.3930
13   H               -2.6675              -1.9721               0.2647
14   H               -1.8829              -2.2545              -1.1927
15   H               -0.4288               2.8210               0.7145
16   H               -1.0181               1.4392               1.7832
17   H                2.6046               0.2089               1.6809
18   H                1.6503               1.0084              -1.8818
19   H                2.5096              -1.3982               0.9217
20   H                1.2101              -0.8363               1.9937
21   H                2.9111               1.2261              -0.6587
22   H                2.7050              -0.3554              -1.4408

Loading the Machine Learning Potential Model...
Loading ANI model (ANI-2x) successfully.
Using CPU for calculation.
Setting up D4 dispersion correction...

----------------------------------------------------------------------
                             Iteration: 0                             


                             Coordinates                              
----------------------------------------------------------------------
0    C               -0.8675              -1.1212               0.1451
1    C                1.2063               0.0888               0.0375
2    C               -0.8012               1.8039               0.7777
3    C                1.9270              -0.5238               1.2299
4    C                2.1735               0.5194              -1.0520
5    N                0.2436              -0.9006              -0.5570
6    N               -2.0080              -1.5937              -0.4191
7    O               -1.6073               1.4743              -0.2757
8    H               -1.9698               0.5875              -0.1411
9    H                0.0290              -0.6370              -1.5287
10   H               -0.8978              -0.8021               1.1842
11   H                0.5985               0.9809               0.3930
12   H               -2.6675              -1.9721               0.2647
13   H               -1.8829              -2.2545              -1.1927
14   H               -0.4288               2.8210               0.7145
15   H               -1.0181               1.4392               1.7832
16   H                2.6046               0.2089               1.6809
17   H                1.6503               1.0084              -1.8818
18   H                2.5096              -1.3982               0.9217
19   H                1.2101              -0.8363               1.9937
20   H                2.9111               1.2261              -0.6587
21   H                2.7050              -0.3554              -1.4408


Energy:                 -383.517098 Convergence criteria  Is converged 
Maximum Force:             0.000569     0.000450                No
RMS Force:                 0.000275     0.000300                Yes
Maximum Displacement:      0.000000     0.001800                Yes
RMS Displacement:          0.000000     0.001200                Yes

----------------------------------------------------------------------
                             Iteration: 1                             


                             Coordinates                              
----------------------------------------------------------------------
0    C               -0.8675              -1.1212               0.1451
1    C                1.2063               0.0888               0.0375
2    C               -0.8012               1.8039               0.7777
3    C                1.9270              -0.5238               1.2299
4    C                2.1735               0.5194              -1.0520
5    N                0.2436              -0.9006              -0.5570
6    N               -2.0080              -1.5937              -0.4191
7    O               -1.6073               1.4743              -0.2757
8    H               -1.9698               0.5875              -0.1411
9    H                0.0290              -0.6370              -1.5287
10   H               -0.8978              -0.8021               1.1842
11   H                0.5985               0.9809               0.3930
12   H               -2.6675              -1.9721               0.2647
13   H               -1.8829              -2.2545              -1.1927
14   H               -0.4288               2.8210               0.7145
15   H               -1.0181               1.4392               1.7832
16   H                2.6046               0.2089               1.6809
17   H                1.6503               1.0084              -1.8818
18   H                2.5096              -1.3982               0.9217
19   H                1.2101              -0.8363               1.9937
20   H                2.9111               1.2261              -0.6587
21   H                2.7050              -0.3554              -1.4408


Energy:                 -383.517098 Convergence criteria  Is converged 
Maximum Force:             0.000569     0.000450                No
RMS Force:                 0.000275     0.000300                Yes
Maximum Displacement:      0.000000     0.001800                Yes
RMS Displacement:          0.000000     0.001200                Yes
