
**********************************************************************
*                                                                    *
*                        M   A   P   L   E                           *
*                                                                    *
*      MAchine-learning Potential for Landscape Exploration          *
*                                                                    *
*                                                                    *
*      © 2025 University of Pittsburgh. All rights reserved.         *
*      Licensed under CC BY 4.0 for academic use.                    *
*                                                                    *
*      Principal Developer:  Xujian Wang                             *
*                                                                    *
**********************************************************************


Parsing # commands...
Global parameter: model = ANI-1xnr
Task set to 'freq'
Global parameter: device = gpu0
Parsed configuration:
----------------------------------------
Task: freq
model          : ani1xnr
method         : mw
temperature    : 298.15
pressure_kpa   : 101.325
ilowfreq       : 2
verbosity      : 10
treat_imag_as_real: False
device         : gpu0

                             Coordinates                              
**********************************************************************
Starting frequency analysis calculation, Number of atoms: 7
Frequency analysis summary:
  Zero frequencies (|ν| < 5.0 cm⁻¹):    6
  Imaginary frequencies (ν < -5.0 cm⁻¹): 1
  Real frequencies (ν > 5.0 cm⁻¹):       14

------------------------------------------------------------
VIBRATIONAL FREQUENCIES
------------------------------------------------------------

Scaling factor for frequencies = 1.000000000 (already applied!)

     0:        0.00 cm**-1
     1:        0.00 cm**-1
     2:        0.00 cm**-1
     3:        0.00 cm**-1
     4:        0.00 cm**-1
     5:        0.00 cm**-1
     6:    -2352.63 cm**-1  ***imaginary mode***
     7:      504.23 cm**-1
     8:      733.85 cm**-1
     9:      916.05 cm**-1
    10:      954.33 cm**-1
    11:     1046.18 cm**-1
    12:     1185.18 cm**-1
    13:     1246.95 cm**-1
    14:     1501.14 cm**-1
    15:     1535.69 cm**-1



------------------------------------------------------------
THERMOCHEMISTRY AT 298.15K
------------------------------------------------------------

Temperature         ...   298.15 K
Pressure            ...   1.00 atm
Total Mass          ...   44.05 AMU

------------------------------------------------------------
INNER ENERGY
------------------------------------------------------------

Zero point energy                ...        33.87 kcal/mol
Thermal vibrational correction   ...         0.31 kcal/mol
Thermal rotational correction    ...         0.89 kcal/mol
Thermal translational correction ...         1.48 kcal/mol
------------------------------------------------------------
Total thermal correction         ...        36.55 kcal/mol

------------------------------------------------------------
ENTROPY
------------------------------------------------------------

Translational entropy            ...     0.037274 kcal/(mol*K)
Rotational entropy               ...     0.021607 kcal/(mol*K)
Vibrational entropy              ...     0.001384 kcal/(mol*K)
------------------------------------------------------------
Total entropy                    ...     0.060265 kcal/(mol*K)

------------------------------------------------------------
GIBBS FREE ENERGY
------------------------------------------------------------

Total enthalpy correction        ...        36.55 kcal/mol
Total entropy correction         ...        -0.02 kcal/mol
------------------------------------------------------------
Final Gibbs free energy corr.    ...        18.58 kcal/mol


------------------------------------------------------------
NORMAL MODES
------------------------------------------------------------

These modes are the Cartesian displacements weighted by the diagonal matrix
M(i,i)=1/sqrt(m[i]) where m[i] is the mass of the displaced atom
Thus, these vectors are normalized but *not* orthogonal

                 0              1              2              3              4              5    
     0       0.000000       0.000000       0.000000       0.000000       0.000000       0.000000  
     1       0.000000       0.000000       0.000000       0.000000       0.000000       0.000000  
     2       0.000000       0.000000       0.000000       0.000000       0.000000       0.000000  
     3       0.000000       0.000000       0.000000       0.000000       0.000000       0.000000  
     4       0.000000       0.000000       0.000000       0.000000       0.000000       0.000000  
     5       0.000000       0.000000       0.000000       0.000000       0.000000       0.000000  
     6       0.000000       0.000000       0.000000       0.000000       0.000000       0.000000  
     7       0.000000       0.000000       0.000000       0.000000       0.000000       0.000000  
     8       0.000000       0.000000       0.000000       0.000000       0.000000       0.000000  
     9       0.000000       0.000000       0.000000       0.000000       0.000000       0.000000  
    10       0.000000       0.000000       0.000000       0.000000       0.000000       0.000000  
    11       0.000000       0.000000       0.000000       0.000000       0.000000       0.000000  
    12       0.000000       0.000000       0.000000       0.000000       0.000000       0.000000  
    13       0.000000       0.000000       0.000000       0.000000       0.000000       0.000000  
    14       0.000000       0.000000       0.000000       0.000000       0.000000       0.000000  
    15       0.000000       0.000000       0.000000       0.000000       0.000000       0.000000  
    16       0.000000       0.000000       0.000000       0.000000       0.000000       0.000000  
    17       0.000000       0.000000       0.000000       0.000000       0.000000       0.000000  
    18       0.000000       0.000000       0.000000       0.000000       0.000000       0.000000  
    19       0.000000       0.000000       0.000000       0.000000       0.000000       0.000000  
    20       0.000000       0.000000       0.000000       0.000000       0.000000       0.000000  

                 6              7              8              9             10             11    
     0       0.011101       0.002291      -0.015762       0.009957      -0.009935       0.037127  
     1      -0.014900      -0.038813       0.076183       0.019344      -0.034168      -0.015830  
     2      -0.032174       0.021070      -0.078066       0.008973      -0.001788      -0.068127  
     3       0.010755      -0.319737      -0.101196      -0.443075       0.283095      -0.345090  
     4      -0.002084      -0.227085       0.135060      -0.097760       0.346060      -0.083141  
     5      -0.016255      -0.075692       0.010170      -0.022128       0.257201      -0.020213  
     6       0.002108       0.003012       0.046261      -0.013115      -0.023021      -0.024494  
     7      -0.017171       0.027216      -0.095378       0.005954       0.057246       0.038467  
     8       0.012950       0.008422      -0.033421       0.002251       0.046050       0.074918  
     9      -0.006653       0.001433      -0.045875       0.028726       0.036175       0.023783  
    10       0.023534       0.002175       0.067385      -0.015400      -0.055531      -0.037037  
    11      -0.003915      -0.030449       0.117607      -0.023581      -0.087945      -0.045741  
    12      -0.237201      -0.164226      -0.099812       0.271751       0.208204      -0.641943  
    13       0.774578      -0.063618      -0.085903       0.078974       0.006088      -0.105027  
    14       0.527895      -0.063147      -0.174812      -0.043109      -0.063659      -0.184205  
    15      -0.000985       0.418562       0.025166      -0.487804       0.129658      -0.069874  
    16      -0.050579       0.204232      -0.121285       0.016666      -0.374457      -0.228371  
    17       0.036742      -0.472727       0.230768       0.280200       0.173922       0.248741  
    18      -0.088823      -0.278224      -0.214162      -0.102639      -0.244567       0.100381  
    19       0.008730      -0.127462       0.198034      -0.536574       0.091878       0.158655  
    20       0.117160       0.464803       0.420819       0.243540       0.411502      -0.098092  

                12             13             14             15    
     0      -0.065840       0.012161      -0.056686      -0.032041  
     1       0.118856      -0.107093       0.087085      -0.054192  
     2       0.128939       0.163506       0.016300      -0.025934  
     3      -0.195087       0.055557       0.435710       0.399573  
     4       0.226930      -0.203146      -0.275332       0.268786  
     5       0.226510       0.032368      -0.515501       0.128434  
     6       0.022859       0.013861       0.004333       0.014019  
     7      -0.011910       0.005358       0.003136      -0.000643  
     8      -0.087128      -0.083286       0.007272       0.003724  
     9       0.036172      -0.023166       0.050890       0.010901  
    10      -0.100711       0.100775      -0.089904       0.060526  
    11       0.000848      -0.044146      -0.019739       0.016070  
    12      -0.275079      -0.186090      -0.168795      -0.445148  
    13       0.074915      -0.040711       0.002639      -0.112542  
    14       0.029451      -0.041837      -0.055848      -0.075609  
    15       0.170006      -0.218101      -0.268308      -0.037555  
    16      -0.163607      -0.073676       0.091274       0.222221  
    17      -0.017054       0.231665      -0.016395       0.045976  
    18       0.075046      -0.075196      -0.034218       0.066210  
    19      -0.131446       0.238606       0.099047      -0.598328  
    20      -0.067850       0.134775       0.269365       0.071455  

Frequency analysis completedOutput file: /home/user/software/MAPLE/example/freq/mw/inp2.out


Program started: 2026-01-13 14:51:28

======================================================================
                      TIMING SUMMARY
======================================================================
Input Reading (×6)..................................   0.003 s  (   0.2 %)
  Settings Parsing (×6)...............................   0.001 s  (  21.0 %)
  Coordinate Section Parsing (×6).....................   0.001 s  (  30.4 %)
  Post-Processing Expansion (×5)......................   0.000 s  (   0.3 %)
MLP Initialization (×5).............................   0.628 s  (  50.6 %)
Job Dispatching (×5)................................   4.435 s  ( 357.1 %)
  Single Point Energy Calculation (×3)................   0.601 s  (  13.5 %)
  Frequency Calculation (×2)..........................   3.819 s  (  86.1 %)
======================================================================
Total wall time: 1.242 s
Total CPU time: 1.232 s
======================================================================

Program ended: 2026-01-13 14:51:29
TOTAL RUN TIME: 0 days 0 hours 0 minutes 1 seconds 241 msec
