
**********************************************************************
*                                                                    *
*                        M   A   P   L   E                           *
*                                                                    *
*      MAchine-learning Potential for Landscape Exploration          *
*                                                                    *
*                                                                    *
*      © 2025 University of Pittsburgh. All rights reserved.         *
*      Licensed under CC BY 4.0 for academic use.                    *
*                                                                    *
*      Principal Developer:  Xujian Wang                             *
*                                                                    *
**********************************************************************


Parsing # commands...
Global parameter: model = aimnet2nse
Task set to 'ts'
Global parameter: device = gpu0
Parsed configuration:
----------------------------------------
Task: ts
model          : aimnet2nse
method         : afir
device         : gpu0

                             Coordinates                              
**********************************************************************

######################################################################
                         DS-AFIR Path Search                          
######################################################################

Ref: Maeda et al. J. Comput. Chem. 2018, 39, 233-251.

Reactant: -421.86745278 Eh
Product:  -421.81720773 Eh
dE: 31.53 kcal/mol

Thresholds: f_max=0.002850, f_rms=0.001900

Reactant:
C       -2.000000       0.500000       0.000000
O       -2.000000       1.720000       0.000000
C       -0.750000      -0.350000       0.000000
C        0.550000       0.450000       0.000000
C        1.850000      -0.350000       0.000000
O        1.950000      -1.550000       0.000000
C        3.050000       0.550000       0.000000
O        4.500000       2.200000       0.000000
H       -2.950000       0.000000       0.000000
H       -0.800000      -1.000000       0.880000
H       -0.800000      -1.000000      -0.880000
H        0.600000       1.100000       0.880000
H        0.600000       1.100000      -0.880000
H        3.000000       1.200000       0.880000
H        3.000000       1.200000      -0.880000
H        3.950000       0.000000       0.000000
H        4.800000       3.100000       0.000000

Product:
C       -1.443025       0.046915       1.325438
O       -2.114976       1.153354       1.444915
C       -0.750000      -0.350000       0.000000
C        0.550000       0.450000       0.000000
C        1.084889       0.893305       1.359181
O        2.159978       1.390524       1.575876
C       -0.134383       0.549579       2.287094
O        4.460238       2.564424       0.705493
H       -1.988377      -0.853939       1.781844
H       -0.538974      -1.424168       0.032110
H       -1.314955      -0.163198      -0.919419
H        0.436082       1.366367      -0.588808
H        1.356143      -0.128733      -0.463251
H        0.341258      -0.313540       2.937135
H        4.544330       1.603902       0.970683
H        0.078107       1.417902       3.160205
H        4.800000       3.100000       0.000000
  → New reference point found at step 2, E=-421.86753311
  → New reference point found at step 13, E=-421.86679774
  → New reference point found at step 63, E=-421.82094583
  → New reference point found at step 812, E=-420.17777087
AFIR path: /home/user/software/MAPLE/example/ts/afir/inp2_afir_path.xyz

======================================================================
                           LUP Optimization                           
======================================================================

LUP path: /home/user/software/MAPLE/example/ts/afir/inp2_lup_path.xyz

======================================================================
                         TS/EQ Identification                         
======================================================================

Found 1 TS, 1 intermediates

TS 0 (point 8): E = -420.46694559 Eh
    PRFO failed: PRFO.__init__() got an unexpected keyword argument 'params'
  PRFO not converged: -420.46694559 Eh

======================================================================
                               Results                                
======================================================================

EQ List:
------------------------------------------------------------
 Idx        Label          E(Eh)     dE(kcal)
------------------------------------------------------------
   0     Reactant  -421.86745278         0.00
   1        Int_1  -421.82399303        27.27
   2      Product  -421.81720765        31.53

TS List:
----------------------------------------------------------------------
 Idx     Connects          E(Eh)     dE(kcal)      Barrier
----------------------------------------------------------------------
   0      EQ0-EQ1  -420.46694559       878.83       878.83

Output: /home/user/software/MAPLE/example/ts/afir/inp2_eq_list.xyz
        /home/user/software/MAPLE/example/ts/afir/inp2_ts_list.xyz

======================================================================
                          DS-AFIR Completed                           
======================================================================



Program started: 2026-01-16 16:54:14

======================================================================
                      TIMING SUMMARY
======================================================================
Input Reading.......................................   0.128 s  (   0.4 %)
  Settings Parsing....................................   0.128 s  (  99.3 %)
  Coordinate Section Parsing..........................   0.000 s  (   0.3 %)
  Post-Processing Expansion...........................   0.000 s  (   0.0 %)
MLP Initialization..................................   0.159 s  (   0.5 %)
Job Dispatching.....................................  30.042 s  (  99.1 %)
  Transition State Optimization.......................  30.042 s  ( 100.0 %)
======================================================================
Total wall time: 30.330 s
Total CPU time: 30.237 s
======================================================================

Program ended: 2026-01-16 16:54:44
TOTAL RUN TIME: 0 days 0 hours 0 minutes 30 seconds 329 msec
