
**********************************************************************
*                                                                    *
*                        M   A   P   L   E                           *
*                                                                    *
*      MAchine-learning Potential for Landscape Exploration          *
*                                                                    *
*                                                                    *
*      © 2025 University of Pittsburgh. All rights reserved.         *
*      Licensed under CC BY 4.0 for academic use.                    *
*                                                                    *
*      Principal Developer:  Xujian Wang                             *
*                                                                    *
**********************************************************************


Parsing # commands...
Global parameter: model = chgnet with options {'module': 'chgnet_maple_plugin'}
Task set to 'phonon'
Global parameter: device = cpu
Global parameter: pbc = [3.8397, 3.8397, 3.8397, 60.0, 60.0, 60.0]
Global parameter: supercell = 4,4,4
Parsed configuration:
----------------------------------------
Task: phonon
model          : chgnet(module=chgnet_maple_plugin)
supercell      : 4,4,4
displacement   : 0.01
npoints        : 20
kpath          : None
fmax           : 0.05
relax          : True
units          : THz
device         : cpu
pbc            : [3.8397, 3.8397, 3.8397, 60.0, 60.0, 60.0]

                             Coordinates                              
**********************************************************************

Group 1 (inline)
Charge: 0, Multiplicity: 1
--------------------
1    Si             0.000000             0.000000             0.000000
2    Si             1.919900             1.108300             0.783800
Starting phonon dispersion calculation
Number of atoms in unit cell: 2

Relaxing structure (fmax=0.05 eV/Å)...
Relaxation converged. Energy: -0.390439 (Hartree-scaled)

Auto-detected k-path: GXWKGLUWLK,UX
Bravais lattice type: FCC

Running finite displacements (12 configurations, supercell=(4, 4, 4))...
Evaluating frequencies at 200 k-points...


------------------------------------------------------------
PHONON DISPERSION
------------------------------------------------------------

Supercell           ...   (4, 4, 4)
Displacement        ...   0.01 Å
k-path              ...   GXWKGLUWLK,UX
k-points total      ...   200
Phonon bands        ...   6
Frequency units     ...   THz

------------------------------------------------------------
HIGH-SYMMETRY POINTS
------------------------------------------------------------

  G    0.0000   0.0000   0.0000
  K    0.3750   0.3750   0.7500
  L    0.5000   0.5000   0.5000
  U    0.6250   0.2500   0.6250
  W    0.5000   0.2500   0.7500
  X    0.5000   0.0000   0.5000

------------------------------------------------------------
DISPERSION TABLE
------------------------------------------------------------

 k-idx  label            x      band1(THz)      band2(THz)      band3(THz)      band4(THz)      band5(THz)      band6(THz)
--------------------------------------------------------------------------------------------------------------------------
     0    G        0.00000         -0.2965         -0.0455          0.2655         12.9529         13.0166         13.1206
     1             0.00921          0.5171          0.5920          0.8867         12.9543         13.0136         13.1225
     2             0.01842          1.1098          1.1590          1.7515         12.9546         13.0050         13.1309
     3             0.02762          1.6620          1.7307          2.6163         12.9447         12.9904         13.1527
     4             0.03683          2.2063          2.2831          3.4722         12.9192         12.9656         13.1938
     5             0.04604          2.7431          2.8148          4.3131         12.8792         12.9258         13.2533
     6             0.05525          3.2700          3.3289          5.1331         12.8266         12.8696         13.3259
     7             0.06445          3.7828          3.8311          5.9263         12.7619         12.7978         13.4051
     8             0.07366          4.2775          4.3272          6.6875         12.6855         12.7121         13.4843
     9             0.08287          4.7558          4.8158          7.4129         12.5972         12.6155         13.5573
    10             0.09208          5.2215          5.2916          8.0999         12.4966         12.5109         13.6182
    11             0.10129          5.6744          5.7502          8.7476         12.3842         12.4003         13.6623
    12             0.11049          6.1111          6.1881          9.3559         12.2625         12.2831         13.6860
    13             0.11970          6.5262          6.6016          9.9251         12.1334         12.1598         13.6866
    14             0.12891          6.9131          6.9861         10.4551         11.9989         12.0323         13.6620
    15             0.13812          7.2651          7.3360         10.9433         11.8622         11.9051         13.6101
    16             0.14733          7.5747          7.6446         11.3738         11.7290         11.7976         13.5286
    17             0.15653          7.8333          7.9031         11.5686         11.6075         11.8929         13.4144
    18             0.16574          8.0305          8.1008         11.5009         11.5098         12.2244         13.2648
    19             0.17495          8.1554          8.2262         11.4363         11.4452         12.5367         13.0798
    20    X        0.18416          8.1983          8.2692         11.4128         11.4219         12.7421         12.9181
    21             0.18876          8.2022          8.2732         11.4124         11.4224         12.7395         12.9151
    22             0.19336          8.2139          8.2851         11.4112         11.4238         12.7317         12.9062
    23             0.19797          8.2331          8.3046         11.4094         11.4257         12.7189         12.8914
    24             0.20257          8.2597          8.3314         11.4073         11.4282         12.7014         12.8712
    25             0.20718          8.2931          8.3650         11.4048         11.4312         12.6796         12.8458
    26             0.21178          8.3328          8.4048         11.4019         11.4345         12.6540         12.8157
    27             0.21638          8.3781          8.4499         11.3986         11.4381         12.6252         12.7814
    28             0.22099          8.4283          8.4995         11.3948         11.4421         12.5939         12.7437
    29             0.22559          8.4823          8.5525         11.3905         11.4462         12.5610         12.7032
    30             0.23020          8.5391          8.6077         11.3857         11.4505         12.5273         12.6608
    31             0.23480          8.5974          8.6638         11.3801         11.4547         12.4937         12.6174
    32             0.23940          8.6560          8.7196         11.3740         11.4588         12.4612         12.5740
    33             0.24401          8.7132          8.7734         11.3672         11.4628         12.4305         12.5318
    34             0.24861          8.7676          8.8240         11.3600         11.4664         12.4024         12.4918
    35             0.25322          8.8175          8.8697         11.3527         11.4697         12.3776         12.4554
    36             0.25782          8.8613          8.9093         11.3458         11.4724         12.3565         12.4237
    37             0.26242          8.8975          8.9414         11.3397         11.4747         12.3395         12.3978
    38             0.26703          8.9245          8.9652         11.3349         11.4763         12.3269         12.3786
    39             0.27163          8.9411          8.9798         11.3321         11.4773         12.3192         12.3667
    40    W        0.27624          8.9466          8.9850         11.3314         11.4775         12.3168         12.3621
    41             0.27949          8.9009          9.0296         11.3151         11.4940         12.3002         12.3776
    42             0.28275          8.8258          9.0942         11.2988         11.5091         12.2787         12.4023
    43             0.28600          8.7436          9.1580         11.2828         11.5227         12.2541         12.4333
    44             0.28926          8.6566          9.2203         11.2670         11.5350         12.2272         12.4689
    45             0.29251          8.5664          9.2806         11.2517         11.5463         12.1985         12.5077
    46             0.29577          8.4745          9.3389         11.2371         11.5567         12.1683         12.5484
    47             0.29902          8.3822          9.3950         11.2232         11.5664         12.1370         12.5900
    48             0.30228          8.2909          9.4487         11.2103         11.5755         12.1050         12.6314
    49             0.30553          8.2018          9.4996         11.1984         11.5842         12.0726         12.6720
    50             0.30879          8.1161          9.5477         11.1876         11.5926         12.0404         12.7108
    51             0.31205          8.0348          9.5925         11.1780         11.6009         12.0085         12.7475
    52             0.31530          7.9590          9.6339         11.1696         11.6091         11.9776         12.7815
    53             0.31856          7.8896          9.6715         11.1624         11.6173         11.9479         12.8123
    54             0.32181          7.8274          9.7050         11.1563         11.6258         11.9199         12.8396
    55             0.32507          7.7732          9.7341         11.1514         11.6346         11.8940         12.8632
    56             0.32832          7.7276          9.7584         11.1476         11.6438         11.8706         12.8827
    57             0.33158          7.6913          9.7777         11.1448         11.6534         11.8502         12.8979
    58             0.33483          7.6646          9.7918         11.1430         11.6633         11.8331         12.9089
    59             0.33809          7.6479          9.8005         11.1421         11.6730         11.8203         12.9153
    60    K        0.34134          7.6415          9.8037         11.1422         11.6817         11.8126         12.9173
    61             0.35111          7.4472          9.9985         11.0355         11.6619         11.7642         12.9349
    62             0.36088          7.2271          9.9692         10.9058         11.6934         11.8448         12.9377
    63             0.37064          6.9816          9.7085         10.7634         11.8763         11.9352         12.9262
    64             0.38041          6.7111          9.3076         10.5923         12.0185         12.1386         12.9043
    65             0.39018          6.4166          8.8328         10.3771         12.1130         12.3995         12.8788
    66             0.39994          6.0993          8.3144         10.1087         12.2072         12.6343         12.8613
    67             0.40971          5.7607          7.7660          9.7815         12.3006         12.7691         12.9160
    68             0.41948          5.4027          7.1946          9.3923         12.3918         12.7748         13.0676
    69             0.42924          5.0274          6.6053          8.9386         12.4796         12.7666         13.1998
    70             0.43901          4.6369          6.0037          8.4184         12.5624         12.7655         13.2930
    71             0.44877          4.2332          5.3964          7.8297         12.6379         12.7779         13.3458
    72             0.45854          3.8173          4.7907          7.1719         12.7036         12.8075         13.3608
    73             0.46831          3.3893          4.1918          6.4461         12.7592         12.8528         13.3439
    74             0.47807          2.9482          3.6014          5.6559         12.8083         12.9053         13.3033
    75             0.48784          2.4921          3.0166          4.8077         12.8527         12.9563         13.2487
    76             0.49761          2.0187          2.4310          3.9097         12.8908         12.9996         13.1908
    77             0.50737          1.5263          1.8376          2.9720         12.9204         13.0285         13.1425
    78             0.51714          1.0123          1.2313          2.0063         12.9402         13.0333         13.1194
    79             0.52691          0.4573          0.6118          1.0304         12.9503         13.0221         13.1188
    80    G        0.53667         -0.2965         -0.0455          0.2655         12.9529         13.0166         13.1206
    81             0.54465          0.3734          0.4776          0.8584         12.9511         13.0173         13.1230
    82             0.55262          0.8896          0.9422          1.6571         12.9449         13.0174         13.1321
    83             0.56059          1.3407          1.3862          2.4669         12.9324         13.0113         13.1527
    84             0.56857          1.7525          1.8059          3.2739         12.9115         12.9943         13.1885
    85             0.57654          2.1343          2.1994          4.0701         12.8812         12.9653         13.2389
    86             0.58452          2.4956          2.5701          4.8477         12.8422         12.9259         13.3003
    87             0.59249          2.8440          2.9249          5.5991         12.7964         12.8786         13.3672
    88             0.60047          3.1839          3.2703          6.3182         12.7463         12.8258         13.4337
    89             0.60844          3.5163          3.6094          7.0006         12.6938         12.7697         13.4935
    90             0.61641          3.8388          3.9404          7.6440         12.6399         12.7115         13.5413
    91             0.62439          4.1474          4.2579          8.2482         12.5848         12.6517         13.5736
    92             0.63236          4.4369          4.5556          8.8139         12.5283         12.5904         13.5885
    93             0.64034          4.7026          4.8283          9.3421         12.4709         12.5279         13.5860
    94             0.64831          4.9408          5.0726          9.8320         12.4137         12.4659         13.5672
    95             0.65629          5.1490          5.2861         10.2807         12.3593         12.4066         13.5338
    96             0.66426          5.3252          5.4668         10.6820         12.3105         12.3531         13.4882
    97             0.67223          5.4672          5.6122         11.0254         12.2702         12.3081         13.4342
    98             0.68021          5.5721          5.7193         11.2959         12.2405         12.2738         13.3794
    99             0.68818          5.6367          5.7851         11.4730         12.2223         12.2518         13.3363
   100    L        0.69616          5.6585          5.8073         11.5354         12.2162         12.2441         13.3195
   101             0.70180          5.6816          5.8181         11.5321         12.2215         12.2431         13.3126
   102             0.70743          5.7458          5.8544         11.5228         12.2289         12.2478         13.2921
   103             0.71307          5.8273          5.9369         11.5089         12.2219         12.2730         13.2584
   104             0.71871          5.9009          6.0856         11.4919         12.2084         12.3083         13.2121
   105             0.72435          5.9768          6.2842         11.4735         12.1905         12.3483         13.1547
   106             0.72999          6.0619          6.5186         11.4552         12.1686         12.3888         13.0883
   107             0.73563          6.1570          6.7805         11.4382         12.1429         12.4243         13.0171
   108             0.74127          6.2614          7.0633         11.4232         12.1133         12.4460         12.9488
   109             0.74690          6.3736          7.3609         11.4110         12.0799         12.4405         12.8962
   110             0.75254          6.4919          7.6678         11.4021         12.0427         12.3949         12.8721
   111             0.75818          6.6145          7.9787         11.3971         12.0011         12.3100         12.8760
   112             0.76382          6.7397          8.2885         11.3963         11.9535         12.1994         12.8969
   113             0.76946          6.8653          8.5920         11.4004         11.8941         12.0801         12.9245
   114             0.77510          6.9894          8.8834         11.4099         11.8083         11.9750         12.9526
   115             0.78074          7.1100          9.1559         11.4258         11.6872         11.9003         12.9777
   116             0.78637          7.2248          9.4009         11.4484         11.5495         11.8456         12.9978
   117             0.79201          7.3318          9.6062         11.4088         11.4862         11.8007         13.0118
   118             0.79765          7.4286          9.7557         11.2937         11.5289         11.7628         13.0193
   119             0.80329          7.5132          9.8315         11.2115         11.5841         11.7340         13.0209
   120    U        0.80893          7.5832          9.8228         11.1711         11.6389         11.7270         13.0181
   121             0.81218          7.5880          9.8194         11.1741         11.6156         11.7492         13.0149
   122             0.81544          7.6033          9.8102         11.1786         11.5940         11.7737         13.0067
   123             0.81870          7.6290          9.7954         11.1844         11.5744         11.8004         12.9937
   124             0.82195          7.6647          9.7752         11.1918         11.5564         11.8292         12.9760
   125             0.82521          7.7101          9.7498         11.2006         11.5400         11.8598         12.9535
   126             0.82846          7.7645          9.7196         11.2109         11.5248         11.8922         12.9267
   127             0.83172          7.8273          9.6850         11.2227         11.5106         11.9259         12.8955
   128             0.83497          7.8977          9.6463         11.2360         11.4972         11.9608         12.8604
   129             0.83823          7.9750          9.6039         11.2508         11.4843         11.9964         12.8215
   130             0.84148          8.0581          9.5581         11.2670         11.4719         12.0325         12.7794
   131             0.84474          8.1461          9.5092         11.2847         11.4597         12.0687         12.7344
   132             0.84799          8.2379          9.4576         11.3035         11.4476         12.1046         12.6871
   133             0.85125          8.3324          9.4035         11.3234         11.4357         12.1399         12.6382
   134             0.85451          8.4284          9.3472         11.3437         11.4240         12.1742         12.5885
   135             0.85776          8.5246          9.2888         11.3634         11.4135         12.2071         12.5388
   136             0.86102          8.6197          9.2285         11.3768         11.4091         12.2383         12.4905
   137             0.86427          8.7123          9.1665         11.3737         11.4206         12.2674         12.4449
   138             0.86753          8.8007          9.1031         11.3619         11.4396         12.2933         12.4041
   139             0.87078          8.8831          9.0388         11.3474         11.4592         12.3135         12.3723
   140    W        0.87404          8.9466          8.9850         11.3314         11.4775         12.3168         12.3621
   141             0.88055          8.7684          9.1345         11.3320         11.4744         12.2699         12.4167
   142             0.88706          8.5536          9.2635         11.3346         11.4670         12.2219         12.4857
   143             0.89357          8.3281          9.3378         11.3447         11.4603         12.1908         12.5499
   144             0.90008          8.0974          9.3429         11.3639         11.4659         12.1788         12.6042
   145             0.90659          7.8652          9.2723         11.3783         11.5061         12.1854         12.6460
   146             0.91310          7.6348          9.1297         11.3803         11.5869         12.2097         12.6739
   147             0.91961          7.4088          8.9262         11.3782         11.6899         12.2517         12.6875
   148             0.92613          7.1893          8.6754         11.3769         11.7968         12.3132         12.6875
   149             0.93264          6.9785          8.3899         11.3780         11.8936         12.3949         12.6757
   150             0.93915          6.7783          8.0807         11.3824         11.9735         12.4906         12.6577
   151             0.94566          6.5903          7.7578         11.3903         12.0364         12.5597         12.6691
   152             0.95217          6.4163          7.4302         11.4019         12.0861         12.5425         12.7630
   153             0.95868          6.2579          7.1073         11.4171         12.1259         12.4970         12.8762
   154             0.96519          6.1163          6.7985         11.4356         12.1583         12.4443         12.9847
   155             0.97170          5.9925          6.5138         11.4564         12.1846         12.3896         13.0822
   156             0.97821          5.8872          6.2641         11.4784         12.2055         12.3368         13.1653
   157             0.98472          5.7998          6.0608         11.4999         12.2214         12.2897         13.2318
   158             0.99124          5.7292          5.9152         11.5182         12.2314         12.2532         13.2802
   159             0.99775          5.6781          5.8328         11.5309         12.2239         12.2427         13.3096
   160    L        1.00426          5.6585          5.8073         11.5354         12.2162         12.2441         13.3195
   161             1.00990          5.6678          5.8319         11.5322         12.2183         12.2466         13.3121
   162             1.01553          5.6952          5.9049         11.5231         12.2185         12.2598         13.2900
   163             1.02117          5.7401          6.0241         11.5094         12.2117         12.2871         13.2534
   164             1.02681          5.8014          6.1854         11.4928         12.1995         12.3246         13.2027
   165             1.03245          5.8780          6.3838         11.4750         12.1830         12.3688         13.1385
   166             1.03809          5.9687          6.6138         11.4575         12.1626         12.4165         13.0621
   167             1.04373          6.0717          6.8695         11.4415         12.1385         12.4639         12.9756
   168             1.04937          6.1854          7.1450         11.4279         12.1110         12.5048         12.8841
   169             1.05500          6.3079          7.4348         11.4175         12.0800         12.5238         12.8024
   170             1.06064          6.4372          7.7334         11.4110         12.0459         12.4881         12.7625
   171             1.06628          6.5714          8.0357         11.4090         12.0086         12.3901         12.7723
   172             1.07192          6.7083          8.3363         11.4122         11.9679         12.2598         12.8025
   173             1.07756          6.8458          8.6301         11.4210         11.9224         12.1168         12.8364
   174             1.08320          6.9819          8.9111         11.4360         11.8628         11.9788         12.8676
   175             1.08884          7.1143          9.1724         11.4564         11.7585         11.8847         12.8936
   176             1.09447          7.2408          9.4056         11.4711         11.6331         11.8301         12.9128
   177             1.10011          7.3591          9.5994         11.4133         11.5921         11.7868         12.9244
   178             1.10575          7.4669          9.7397         11.2993         11.6372         11.7502         12.9285
   179             1.11139          7.5618          9.8110         11.2026         11.6935         11.7360         12.9255
   180    K        1.11703          7.5832          9.8228         11.1711         11.6389         11.7270         13.0181
   181             1.12028          7.6417          9.7322         11.1972         11.6481         11.7635         13.0130
   182             1.12354          7.6974          9.6316         11.2208         11.6352         11.8296         13.0070
   183             1.12680          7.7503          9.5244         11.2424         11.6174         11.9053         13.0002
   184             1.13005          7.8002          9.4134         11.2622         11.5988         11.9840         12.9928
   185             1.13331          7.8473          9.3009         11.2804         11.5805         12.0631         12.9852
   186             1.13656          7.8916          9.1888         11.2970         11.5628         12.1408         12.9774
   187             1.13982          7.9329          9.0787         11.3122         11.5460         12.2161         12.9697
   188             1.14307          7.9714          8.9719         11.3261         11.5301         12.2882         12.9623
   189             1.14633          8.0069          8.8696         11.3386         11.5153         12.3563         12.9552
   190             1.14958          8.0395          8.7730         11.3500         11.5015         12.4199         12.9486
   191             1.15284          8.0691          8.6828         11.3603         11.4887         12.4787         12.9427
   192             1.15610          8.0957          8.6000         11.3695         11.4770         12.5322         12.9374
   193             1.15935          8.1193          8.5253         11.3777         11.4664         12.5802         12.9327
   194             1.16261          8.1399          8.4592         11.3850         11.4569         12.6224         12.9288
   195             1.16586          8.1574          8.4024         11.3914         11.4484         12.6585         12.9255
   196             1.16912          8.1718          8.3552         11.3972         11.4409         12.6883         12.9228
   197             1.17237          8.1832          8.3180         11.4023         11.4343         12.7117         12.9207
   198             1.17563          8.1915          8.2911         11.4069         11.4287         12.7286         12.9193
   199    X        1.17888          8.1966          8.2748         11.4108         11.4241         12.7387         12.9184

Phonon dispersion calculation completed
Output file: /Users/peifengqin/Downloads/MAPLE/examples/phonon/inp1.out



Program started: 2026-07-23 17:05:51

======================================================================
                      TIMING SUMMARY
======================================================================
Input Reading.......................................   0.003 s  (   0.1 %)
  Settings Parsing....................................   0.000 s  (   7.5 %)
  Coordinate Section Parsing..........................   0.002 s  (  66.9 %)
  Post-Processing Expansion...........................   0.000 s  (   0.1 %)
MLP Initialization..................................   0.886 s  (  46.5 %)
Job Dispatching.....................................   1.017 s  (  53.4 %)
  Phonon Calculation..................................   1.014 s  (  99.7 %)
======================================================================
Total wall time: 1.906 s
Total CPU time: 2.100 s
======================================================================

Program ended: 2026-07-23 17:05:53
TOTAL RUN TIME: 0 days 0 hours 0 minutes 1 seconds 905 msec
