
**********************************************************************
*                                                                    *
*                        M   A   P   L   E                           *
*                                                                    *
*      MAchine-learning Potential for Landscape Exploration          *
*                                                                    *
*                                                                    *
*      © 2025 University of Pittsburgh. All rights reserved.         *
*      Licensed under CC BY 4.0 for academic use.                    *
*                                                                    *
*      Principal Developer:  Xujian Wang                             *
*                                                                    *
**********************************************************************


Parsing # commands...
Global parameter: model = ANI-1xnr
Task set to 'irc'
Global parameter: device = gpu0
Parsed configuration:
----------------------------------------
Task: irc
model          : ani1xnr
method         : gs
device         : gpu0

                             Coordinates                              
**********************************************************************

Selected eigenmode #1 (λ = -8.019604e-03 in MW basis)

         *************************************************************
         *                        FORWARD IRC                        *
         *************************************************************

Iteration    E(Eh)      dE(kcal/mol)  max(|G|)   RMS(G) 
Convergence thresholds                0.002000  0.000500
